//You can find all localization changes in zh-Hans in this file
//This may assist you in creating localizations for other languages

[3.17-Changes]
[Mods.CalamityEntropy.YoungMasterDashCD] - added
[Mods.CalamityEntropy.Projectiles.YoungMasterProj.DisplayName] - added
[Mods.CalamityEntropy.Projectiles.TectinicShardAshesCore.DisplayName] - removed // This is a spelling mistake, remove this key
[Mods.CalamityEntropy.Projectiles.TectinicShardHoming.DisplayName] - removed    // This is a spelling mistake, remove this key
[Mods.CalamityEntropy.Projectiles.VoisenBullet.DisplayName] - added
[Mods.CalamityEntropy.Projectiles.YMSlash.DisplayName] - added
[Mods.CalamityEntropy.Projectiles.YoungMasterDash.DisplayName] - added
[Mods.CalamityEntropy.AbyssalStorm] - added
[Mods.CalamityEntropy.Items.YoungMaster.DisplayName] - added
[Mods.CalamityEntropy.Items.YoungMaster.Tooltip] - added
[Mods.CalamityEntropy.Items.VoidRelics.Tooltip] - changed
[Mods.CalamityEntropy.Projectiles.YoungMasterMark.DisplayName] - added


[3.18-Changes]
[Mods.CalamityEntropy.AzafureEnhances.AzafureStandardShotgun] - added
[Mods.CalamityEntropy.AzafureEnhances.AzafureImperialGuardMachineGun] - added
[Mods.CalamityEntropy.AzafureEnhances.AzafureExhaustGasInjector] - added
[Mods.CalamityEntropy.NoAmmo] - added
[Mods.CalamityEntropy.Projectiles.RuneSongHeld.DisplayName] - added
[Mods.CalamityEntropy.Projectiles.ExhaustGas.DisplayName] - added
[Mods.CalamityEntropy.Projectiles.MewMewBombThrow.DisplayName] - added
[Mods.CalamityEntropy.Projectiles.ImperialGuardShot.DisplayName] - added
[Mods.CalamityEntropy.Projectiles.AzafureImperialGuardMachineGunHeld.DisplayName] - added
[Mods.CalamityEntropy.Projectiles.RuneBolt.DisplayName] - added
[Mods.CalamityEntropy.Projectiles.AzafureExhaustGasInjectorHeld.DisplayName] - added
[Mods.CalamityEntropy.Items.AzafureImperialGuardMachineGun.DisplayName] - added
[Mods.CalamityEntropy.Items.AzafureImperialGuardMachineGun.Tooltip] - added
[Mods.CalamityEntropy.Items.RuneSong.Tooltip] - changed
[Mods.CalamityEntropy.Items.AzafureStandardShotgun.DisplayName] - added
[Mods.CalamityEntropy.Items.AzafureStandardShotgun.Tooltip] - added
[Mods.CalamityEntropy.Items.Weapons.Rogue.MewMewBomb.DisplayName] - added
[Mods.CalamityEntropy.Items.Weapons.Rogue.MewMewBomb.Tooltip] - added
[Mods.CalamityEntropy.Items.AzafureExhaustGasInjector.DisplayName] - added
[Mods.CalamityEntropy.Items.AzafureExhaustGasInjector.Tooltip] - added


[3.19-Changes]
[Mods.CalamityEntropy.Musics.Apsychos] - added
[Mods.CalamityEntropy.Musics.Cruiser] - added
[Mods.CalamityEntropy.Musics.Prophet1] - added
[Mods.CalamityEntropy.Musics.Prophet2] - added
[Mods.CalamityEntropy.Musics.VoidTwins] - added
[Mods.CalamityEntropy.Musics.Luminaris] - added
[Mods.CalamityEntropy.Musics.Acropolis] - added
[Mods.CalamityEntropy.Musics.BadbfHX] - added
[Mods.CalamityEntropy.Musics.Francium] - added
[Mods.CalamityEntropy.Musics.SobaNoodles] - added
[Mods.CalamityEntropy.Musics.ThemeOf] - added
[Mods.CalamityEntropy.Items.Weapons.Rogue.MewMewBomb.Tooltip] - changed
[Mods.CalamityEntropy.Items.Kinanition.Tooltip] - changed
[Mods.CalamityEntropy.Items.HolyMoonlight.Tooltip] - changed
[Mods.CalamityEntropy.Items.PlagueInternalCombustionEngine.Tooltip] - changed


[3.20-Changes]
[Mods.CalamityEntropy.Items.Erebodrepanon] - added
[Mods.CalamityEntropy.Items.ThalassianGleam] - added
[Mods.CalamityEntropy.Items.GoldenFlowerInAJar] - added
[Mods.CalamityEntropy.Projectiles.ThalassianWaterBolt] - added
[Mods.CalamityEntropy.Projectiles.SilentpeakSword] - added
[Mods.CalamityEntropy.Projectiles.ErebodrepanonMark] - added
[Mods.CalamityEntropy.Projectiles.KinanitionSpawn] - added
[Mods.CalamityEntropy.Projectiles.ErebodrepanonHeld] - added
[Mods.CalamityEntropy.Projectiles.ThalassianGleamHeld] - added
[Mods.CalamityEntropy.Buffs.SilentpeakBuff] - added
[Mods.CalamityEntropy.Buffs.SilentpeakBuff] - added
[Mods.CalamityEntropy.Items.FeatheredHeadpiece] - added
[Mods.CalamityEntropy.Items.TsumugisHood] - added
[Mods.CalamityEntropy.Items.FlowerHeadband] - added
[Mods.CalamityEntropy.Items.Silentpeak] - added


[3.23-Changes]
[Mods.CalamityEntropy.Items.TsumugisHood] - changed
[Mods.CalamityEntropy.Items.ReapersButterfly] - added
[Mods.CalamityEntropy.Items.CrystalofHeart] - added
[Mods.CalamityEntropy.Items.BookMarkNeutron] - removed
[Mods.CalamityEntropy.Items.MikoMaeTengkan] - added
[Mods.CalamityEntropy.Items.OathBanner] - added
[Mods.CalamityEntropy.Items.Weapons.Rogue.SawofMacrocosm] - added
[Mods.CalamityEntropy.Items.Weapons.Rogue.BrillianceSwirlblade] - added
[Mods.CalamityEntropy.Items.Weapons.Rogue.GlacierSwirlblade] - added
[Mods.CalamityEntropy.Items.Weapons.Rogue.FlamingSwirlblade] - added
[Mods.CalamityEntropy.Items.Weapons.Rogue.Revelation.Tooltip] - changed
[Mods.CalamityEntropy.Items.Weapons.Rogue.AzafureSwirlblade] - added
[Mods.CalamityEntropy.Items.Weapons.Rogue.RunicSwirlblade] - added
[Mods.CalamityEntropy.Items.Weapons.Rogue.BlazingSwirlblade] - added
[Mods.CalamityEntropy.Items.CantaloupeSmoothie] - added
[Mods.CalamityEntropy.Items.TectonicChainBlade] - added
[Mods.CalamityEntropy.Items.BlackSkirt] - added
[Mods.CalamityEntropy.Items.BottleofCrystal] - added
[Mods.CalamityEntropy.Items.Lore.LoreAcropolis] - added
[Mods.CalamityEntropy.Items.Lore.LoreAcropolis.Lore] - added
[Mods.CalamityEntropy.Items.FuchsiaRibbon] - added
[Mods.CalamityEntropy.AzafureEnhances.AzafureSwirlblade] - added
[Mods.CalamityEntropy.VoidDeath0] - added
[Mods.CalamityEntropy.VoidDeath1] - added
[Mods.CalamityEntropy.VoidDeath2] - added
[Mods.CalamityEntropy.VoidDeath3] - added
[Mods.CalamityEntropy.VoidDeath4] - added
[Mods.CalamityEntropy.Projectiles.AzafureSwirlbladeMissile.DisplayName] - added
[Mods.CalamityEntropy.Projectiles.AzafureSwirlbladeProj.DisplayName] - added
[Mods.CalamityEntropy.Projectiles.SawofMacrocosmProj.DisplayName] - added
[Mods.CalamityEntropy.Projectiles.RevelationBolt.DisplayName] - added
[Mods.CalamityEntropy.Projectiles.RevelationStealth.DisplayName] - added
[Mods.CalamityEntropy.Projectiles.MacrocosmSawDash.DisplayName] - added
[Mods.CalamityEntropy.Projectiles.AzafureSwirlbladeSaw.DisplayName] - added
[Mods.CalamityEntropy.Projectiles.FlamingSwirlbladeProj.DisplayName] - added
[Mods.CalamityEntropy.Projectiles.BrillianceSwirlbladeProj.DisplayName] - added
[Mods.CalamityEntropy.Projectiles.TectonicChainBladeWhip.DisplayName] - added
[Mods.CalamityEntropy.Projectiles.MacrocosmVoidBolt.DisplayName] - added
[Mods.CalamityEntropy.Projectiles.BlazingSwirlbladeProj.DisplayName] - added
[Mods.CalamityEntropy.Projectiles.RunicSwirlbladeProj.DisplayName] - added
[Mods.CalamityEntropy.Projectiles.SawofMacrocosmSplit.DisplayName] - added
[Mods.CalamityEntropy.Projectiles.RevelationThrown.DisplayName] - added
[Mods.CalamityEntropy.Projectiles.RevelationExplode.DisplayName] - added
[Mods.CalamityEntropy.Projectiles.GlacierSwirlbladeProj.DisplayName] - added
[Mods.CalamityEntropy.Projectiles.FlamingSwirlbladeFlame.DisplayName] - added
[Mods.CalamityEntropy.Projectiles.BlazingSwirlbladeFlame.DisplayName] - added
[Mods.CalamityEntropy.Projectiles.RunicSwirlbladeBullet.DisplayName] - added
[Mods.CalamityEntropy.Projectiles.GlacierSwirlbladeSaw.DisplayName] - added
[Mods.CalamityEntropy.Buffs.TectonicChainBladeWhipDebuff.DisplayName] - added
[Mods.CalamityEntropy.Buffs.TectonicChainBladeWhipDebuff.Description] - added
[Mods.CalamityEntropy.Buffs.OathofCommand] - added


[3.24-Changes]
[Mods.CalamityEntropy.Projectiles.RevelationMelee.DisplayName] - removed
[Mods.CalamityEntropy.Projectiles.ExergySwirlbladeProj.DisplayName] - added
[Mods.CalamityEntropy.Projectiles.Flowery.DisplayName] - added
[Mods.CalamityEntropy.Projectiles.AquaShardWaterBullet.DisplayName] - added
[Mods.CalamityEntropy.Projectiles.Bellbeast.DisplayName] - added
[Mods.CalamityEntropy.Projectiles.ApeirokyklosSpike.DisplayName] - added
[Mods.CalamityEntropy.Projectiles.ApeirokyklosProj.DisplayName] - added
[Mods.CalamityEntropy.Projectiles.RevelationThrow.DisplayName] - removed
[Mods.CalamityEntropy.Projectiles.WaterBulletSpawner.DisplayName] - added
[Mods.CalamityEntropy.Projectiles.ExergySwirlbladeSaw.DisplayName] - added
[Mods.CalamityEntropy.WyrmChatCOHalibut2] - removed
[Mods.CalamityEntropy.WyrmChatCOHalibut1] - removed
[Mods.CalamityEntropy.BaitCommonTooltip1] - added
[Mods.CalamityEntropy.DeltaruneCH5ShadowCrystal] - added
[Mods.CalamityEntropy.WyrmChatCOHalibut3] - removed
[Mods.CalamityEntropy.BaitCommonTooltip2] - added
[Mods.CalamityEntropy.Buffs.Deceive.Description] - changed
[Mods.CalamityEntropy.Buffs.Deceive.ItemTooltip] - added
[Mods.CalamityEntropy.Buffs.FloweryBuff.DisplayName] - added
[Mods.CalamityEntropy.Buffs.FloweryBuff.Description] - added
[Mods.CalamityEntropy.Buffs.BellbeastBuff.DisplayName] - added
[Mods.CalamityEntropy.Buffs.BellbeastBuff.Description] - added
[Mods.CalamityEntropy.Items.BellwayBell.DisplayName] - added
[Mods.CalamityEntropy.Items.BellwayBell.Tooltip] - added
[Mods.CalamityEntropy.Items.FlowerWithFace.DisplayName] - added
[Mods.CalamityEntropy.Items.FlowerWithFace.Tooltip] - added
[Mods.CalamityEntropy.Items.AntlionShell.DisplayName] - added
[Mods.CalamityEntropy.Items.AntlionShell.Tooltip] - added
[Mods.CalamityEntropy.Items.Lore.LoreAcropolis.Tooltip] - added
[Mods.CalamityEntropy.Items.Weapons.Rogue.Apeirokyklos.DisplayName] - added
[Mods.CalamityEntropy.Items.Weapons.Rogue.Apeirokyklos.Tooltip] - added
[Mods.CalamityEntropy.Items.Weapons.Rogue.ExergySwirlblade.DisplayName] - added
[Mods.CalamityEntropy.Items.Weapons.Rogue.ExergySwirlblade.Tooltip] - added
[Mods.CalamityEntropy.Items.Weapons.Rogue.Aquashard.Tooltip] - changed
[Mods.CalamityEntropy.NPCs.PrimordialWyrmNPC.DisplayName] - changed
[Mods.CalamityEntropy.NPCs.PrimordialWyrmNPC.Census.SpawnCondition] - changed
[Mods.CalamityEntropy.NPCs.PrimordialWyrmNPC.TownNPCMood.DislikeCrowded] - changed
[Mods.CalamityEntropy.NPCs.PrimordialWyrmNPC.TownNPCMood.FarFromHome] - changed
[Mods.CalamityEntropy.NPCs.PrimordialWyrmNPC.TownNPCMood.HateCrowded] - changed
[Mods.CalamityEntropy.NPCs.PrimordialWyrmNPC.TownNPCMood.MonumentNearby] - added


[3.30-Changes]
[Mods.CalamityEntropy.Items.VoidRelics.Tooltip] - changed
[Mods.CalamityEntropy.Items.KamishiroKou.DisplayName] - added
[Mods.CalamityEntropy.Items.KamishiroKou.Tooltip] - added
[Mods.CalamityEntropy.Items.SacredStone.DisplayName] - added
[Mods.CalamityEntropy.Items.SacredStone.Tooltip] - added
[Mods.CalamityEntropy.Items.MoltenAnchor.DisplayName] - added
[Mods.CalamityEntropy.Items.MoltenAnchor.Tooltip] - added
[Mods.CalamityEntropy.Items.BottledFissure.DisplayName] - added
[Mods.CalamityEntropy.Items.BottledFissure.Tooltip] - added
[Mods.CalamityEntropy.Items.Fooveria.DisplayName] - added
[Mods.CalamityEntropy.Items.Fooveria.Tooltip] - added
[Mods.CalamityEntropy.Items.WingsOfHush.Tooltip] - changed
[Mods.CalamityEntropy.Items.VoidAnnihilate.Tooltip] - changed
[Mods.CalamityEntropy.Items.StarBreaker.Tooltip] - changed
[Mods.CalamityEntropy.Items.Weapons.Rogue.Silence.Tooltip] - changed
[Mods.CalamityEntropy.Items.Weapons.Rogue.SawofMacrocosm.Tooltip] - changed
[Mods.CalamityEntropy.Items.BlueFlatTopMushroom.DisplayName] - added
[Mods.CalamityEntropy.Items.BlueFlatTopMushroom.Tooltip] - added
[Mods.CalamityEntropy.Items.FrostboundCage.DisplayName] - added
[Mods.CalamityEntropy.Items.FrostboundCage.Tooltip] - added
[Mods.CalamityEntropy.Items.MoonlightCore.DisplayName] - added
[Mods.CalamityEntropy.Items.MoonlightCore.Tooltip] - added
[Mods.CalamityEntropy.Items.AzafureWarSatelliteAuthorizationKey.DisplayName] - added
[Mods.CalamityEntropy.Items.AzafureWarSatelliteAuthorizationKey.Tooltip] - added
[Mods.CalamityEntropy.Items.AzafureTwinSaw.DisplayName] - added
[Mods.CalamityEntropy.Items.AzafureTwinSaw.Tooltip] - added
[Mods.CalamityEntropy.Items.DeliciousAcorn.DisplayName] - added
[Mods.CalamityEntropy.Items.DeliciousAcorn.Tooltip] - added
[Mods.CalamityEntropy.Items.MagicHat.DisplayName] - added
[Mods.CalamityEntropy.Items.MagicHat.Tooltip] - added
[Mods.CalamityEntropy.Items.MutantBulb.DisplayName] - added
[Mods.CalamityEntropy.Items.MutantBulb.Tooltip] - added
[Mods.CalamityEntropy.Items.VoidEcho.Tooltip] - changed
[Mods.CalamityEntropy.Items.AzafureMicroBeacon.DisplayName] - added
[Mods.CalamityEntropy.Items.AzafureMicroBeacon.Tooltip] - added
[Mods.CalamityEntropy.Items.MechanicalTransmitter.DisplayName] - added
[Mods.CalamityEntropy.Items.MechanicalTransmitter.Tooltip] - added
[Mods.CalamityEntropy.Items.AzafurePowerSaw.Tooltip] - changed
[Mods.CalamityEntropy.BaitCommonTooltip2] - changed
[Mods.CalamityEntropy.BaitCommonTooltip1] - changed
[Mods.CalamityEntropy.Configs.Config.CalamityTextEffectCompatibilityFix.Label] - added
[Mods.CalamityEntropy.Configs.Config.CalamityTextEffectCompatibilityFix.Tooltip] - added
[Mods.CalamityEntropy.Projectiles.FrostShoot.DisplayName] - added
[Mods.CalamityEntropy.Projectiles.MechanicalTransmitterProjectile.DisplayName] - added
[Mods.CalamityEntropy.Projectiles.AzafureWarSatelliteAuthorizationKeyProjectile.DisplayName] - added
[Mods.CalamityEntropy.Projectiles.MutantBulbProjectile.DisplayName] - added
[Mods.CalamityEntropy.Projectiles.BlueFlatTopMushroomProjectile.DisplayName] - added
[Mods.CalamityEntropy.Projectiles.MoonlightLaser.DisplayName] - added
[Mods.CalamityEntropy.Projectiles.VoidEater.DisplayName] - added
[Mods.CalamityEntropy.Projectiles.BeaconDroneShoot.DisplayName] - added
[Mods.CalamityEntropy.Projectiles.AzafureAssaultDrone.DisplayName] - added
[Mods.CalamityEntropy.Projectiles.SquirrelStone.DisplayName] - added
[Mods.CalamityEntropy.Projectiles.BlueSporeCloud.DisplayName] - added
[Mods.CalamityEntropy.Projectiles.DeliciousAcornProjectile.DisplayName] - added
[Mods.CalamityEntropy.Projectiles.MutantVine.DisplayName] - added
[Mods.CalamityEntropy.Projectiles.SateliteLaser.DisplayName] - added
[Mods.CalamityEntropy.Projectiles.TrueEye.DisplayName] - added
[Mods.CalamityEntropy.Projectiles.AzafureMicroBeaconProjectile.DisplayName] - added
[Mods.CalamityEntropy.Projectiles.DetectorMinionLaser.DisplayName] - added
[Mods.CalamityEntropy.Projectiles.SacredStoneProjectile.DisplayName] - added
[Mods.CalamityEntropy.Projectiles.FrostboundSpirit.DisplayName] - added
[Mods.CalamityEntropy.Projectiles.WarSatellite.DisplayName] - added
[Mods.CalamityEntropy.Projectiles.MoonlightBeam.DisplayName] - added
[Mods.CalamityEntropy.Projectiles.BaitHeldEffect.DisplayName] - added
[Mods.CalamityEntropy.Projectiles.BlueFox.DisplayName] - added
[Mods.CalamityEntropy.Projectiles.SacredStoneSummon.DisplayName] - added
[Mods.CalamityEntropy.Projectiles.DesertNuisanceFriendly.DisplayName] - added
[Mods.CalamityEntropy.Projectiles.PigeonMinion.DisplayName] - added
[Mods.CalamityEntropy.Projectiles.AntlionShellProjectile.DisplayName] - added
[Mods.CalamityEntropy.Projectiles.BottledFissureProjectile.DisplayName] - added
[Mods.CalamityEntropy.Projectiles.MoltenAnchorProjectile.DisplayName] - added
[Mods.CalamityEntropy.Projectiles.MagicHatProjectile.DisplayName] - added
[Mods.CalamityEntropy.Projectiles.SacredShoot.DisplayName] - added
[Mods.CalamityEntropy.Projectiles.FrostboundCageProjectile.DisplayName] - added
[Mods.CalamityEntropy.Projectiles.SquirrerMinion.DisplayName] - added
[Mods.CalamityEntropy.Projectiles.MoonlightCoreProjectile.DisplayName] - added
[Mods.CalamityEntropy.Projectiles.DetectorMinion.DisplayName] - added
[Mods.CalamityEntropy.Projectiles.BoneSerpentFriendly.DisplayName] - added
[Mods.CalamityEntropy.AzafureEnhances.AzafureMicroBeacon] - added
[Mods.CalamityEntropy.AzafureEnhances.AzafurePowerSaw] - changed
[Mods.CalamityEntropy.AzafureEnhances.AzafureWarSatelliteAuthorizationKey] - added
[Mods.CalamityEntropy.AzafureEnhances.AzafureTwinSaw] - added


[3.30-Changes]
[Mods.CalamityEntropy.Projectiles.FooveriaIceShard.DisplayName] - added
[Mods.CalamityEntropy.Projectiles.TheDeadCutSlash.DisplayName] - added
[Mods.CalamityEntropy.Projectiles.AzafureSawSpark.DisplayName] - added
[Mods.CalamityEntropy.Projectiles.ArbitratorStealthImpactSpawner.DisplayName] - added
[Mods.CalamityEntropy.Projectiles.AzafureTwinSawHeld.DisplayName] - added
[Mods.CalamityEntropy.Projectiles.ArbitratorStealthImpact.DisplayName] - added
[Mods.CalamityEntropy.Projectiles.FooveriaHeld.DisplayName] - added
[Mods.CalamityEntropy.Items.RedDragonHorn.Tooltip] - changed
[Mods.CalamityEntropy.Items.ThreadOfFate.HoldShiftForDetails] - changed
[Mods.CalamityEntropy.Items.ThreadOfFate.Tooltip] - changed
[Mods.CalamityEntropy.Items.Antler.Tooltip] - changed
[Mods.CalamityEntropy.Items.Weapons.Rogue.ArbitratorII.Tooltip] - changed
[Mods.CalamityEntropy.Items.Weapons.Rogue.TheDeadCut.Tooltip] - changed
[Mods.CalamityEntropy.Items.ThreadOfAbyss.HoldShiftForDetails] - changed
[Mods.CalamityEntropy.Items.ThreadOfAbyss.Tooltip] - changed
[Mods.CalamityEntropy.Items.LingsHairAccessory.Tooltip] - changed
[Mods.CalamityEntropy.Items.AstralSample.DisplayName] - added
[Mods.CalamityEntropy.Items.AstralSample.Tooltip] - added
[Mods.CalamityEntropy.Items.ExquisiteHairband.Tooltip] - changed
[Mods.CalamityEntropy.Items.DustyStar.Tooltip] - changed
[Mods.CalamityEntropy.Items.BlackFlower.Tooltip] - changed
[Mods.CalamityEntropy.Items.CursedThread.HoldShiftForDetails] - changed
[Mods.CalamityEntropy.Items.CursedThread.Tooltip] - changed
[Mods.CalamityEntropy.Items.DreamCatcher.Tooltip] - changed


[3.33-Changes]
// 脱离灾厄独立化：潜行/盗贼体系退役改蓄势大招、灾厄引用清理、PortsDoT 减益、新材料与召唤物
// en-US 已同步全部条目；ru-RU 仅同步 removed 与新增键占位（注释形式回退 en-US），全部 added/changed 条目待母语润色
[Mods.CalamityEntropy.Items.AzafureCircuitry.DisplayName] - added
[Mods.CalamityEntropy.Items.AzafureCircuitry.Tooltip] - added
[Mods.CalamityEntropy.Items.AzafurePlating.DisplayName] - added
[Mods.CalamityEntropy.Items.AzafurePlating.Tooltip] - added
[Mods.CalamityEntropy.Items.StarlitScaleDust.DisplayName] - added
[Mods.CalamityEntropy.Items.StarlitScaleDust.Tooltip] - added
[Mods.CalamityEntropy.Items.WraithSoulEssence.DisplayName] - added
[Mods.CalamityEntropy.Items.WraithSoulEssence.Tooltip] - added
[Mods.CalamityEntropy.Items.AbyssalSigil.DisplayName] - added
[Mods.CalamityEntropy.Items.AbyssalSigil.Tooltip] - added
[Mods.CalamityEntropy.Items.EntropyStarterBag.DisplayName] - added
[Mods.CalamityEntropy.Items.EntropyStarterBag.Tooltip] - added
[Mods.CalamityEntropy.Projectiles.AbyssalSigilRitual.DisplayName] - added
[Mods.CalamityEntropy.Projectiles.PartySparkle.DisplayName] - added
[Mods.CalamityEntropy.Projectiles.TyrantPhantomBlade.DisplayName] - added
[Mods.CalamityEntropy.Buffs.AstralInfectionDebuff.DisplayName] - added
[Mods.CalamityEntropy.Buffs.AstralInfectionDebuff.Description] - added
[Mods.CalamityEntropy.Buffs.Dragonfire.DisplayName] - added
[Mods.CalamityEntropy.Buffs.Dragonfire.Description] - added
[Mods.CalamityEntropy.Buffs.HolyFlames.DisplayName] - added
[Mods.CalamityEntropy.Buffs.HolyFlames.Description] - added
[Mods.CalamityEntropy.Buffs.GodSlayerInferno.DisplayName] - added
[Mods.CalamityEntropy.Buffs.GodSlayerInferno.Description] - added
[Mods.CalamityEntropy.Buffs.BrimstoneFlames.DisplayName] - added
[Mods.CalamityEntropy.Buffs.BrimstoneFlames.Description] - added
[Mods.CalamityEntropy.Buffs.Plague.DisplayName] - added
[Mods.CalamityEntropy.Buffs.Plague.Description] - added
[Mods.CalamityEntropy.Buffs.MiracleBlight.DisplayName] - added
[Mods.CalamityEntropy.Buffs.MiracleBlight.Description] - added
[Mods.CalamityEntropy.Buffs.CrushDepth.DisplayName] - added
[Mods.CalamityEntropy.Buffs.CrushDepth.Description] - added
[Mods.CalamityEntropy.Buffs.SulphuricPoisoning.DisplayName] - added
[Mods.CalamityEntropy.Buffs.SulphuricPoisoning.Description] - added
[Mods.CalamityEntropy.Buffs.Nightwither.DisplayName] - added
[Mods.CalamityEntropy.Buffs.Nightwither.Description] - added
[Mods.CalamityEntropy.Buffs.BurningBlood.DisplayName] - added
[Mods.CalamityEntropy.Buffs.BurningBlood.Description] - added
[Mods.CalamityEntropy.Buffs.BrainRot.DisplayName] - added
[Mods.CalamityEntropy.Buffs.BrainRot.Description] - added
[Mods.CalamityEntropy.Buffs.BanishingFire.DisplayName] - added
[Mods.CalamityEntropy.Buffs.BanishingFire.Description] - added
[Mods.CalamityEntropy.Buffs.Voidfrost.DisplayName] - added
[Mods.CalamityEntropy.Buffs.Voidfrost.Description] - added
[Mods.CalamityEntropy.Buffs.VulnerabilityHex.DisplayName] - added
[Mods.CalamityEntropy.Buffs.VulnerabilityHex.Description] - added
[Mods.CalamityEntropy.Buffs.TrueVulnerabilityHex.DisplayName] - added
[Mods.CalamityEntropy.Buffs.TrueVulnerabilityHex.Description] - added
[Mods.CalamityEntropy.Buffs.ElementalMix.DisplayName] - added
[Mods.CalamityEntropy.Buffs.ElementalMix.Description] - added
[Mods.CalamityEntropy.Buffs.HadopelagicPressure.DisplayName] - added
[Mods.CalamityEntropy.Buffs.HadopelagicPressure.Description] - added
[Mods.CalamityEntropy.Buffs.HeavyBleeding.DisplayName] - added
[Mods.CalamityEntropy.Buffs.HeavyBleeding.Description] - added
[Mods.CalamityEntropy.Buffs.VermillionFlux.DisplayName] - added
[Mods.CalamityEntropy.Buffs.VermillionFlux.Description] - added
[Mods.CalamityEntropy.Buffs.AuricRebuke.DisplayName] - added
[Mods.CalamityEntropy.Buffs.AuricRebuke.Description] - added
[Mods.CalamityEntropy.Buffs.GalvanicCorrosion.DisplayName] - added
[Mods.CalamityEntropy.Buffs.GalvanicCorrosion.Description] - added
[Mods.CalamityEntropy.Buffs.WindChilled.DisplayName] - added
[Mods.CalamityEntropy.Buffs.WindChilled.Description] - added
[Mods.CalamityEntropy.Buffs.Irradiated.DisplayName] - added
[Mods.CalamityEntropy.Buffs.Irradiated.Description] - added
[Mods.CalamityEntropy.Buffs.ArmorCrunch.DisplayName] - added
[Mods.CalamityEntropy.Buffs.ArmorCrunch.Description] - added
[Mods.CalamityEntropy.Buffs.Crumbling.DisplayName] - added
[Mods.CalamityEntropy.Buffs.Crumbling.Description] - added
[Mods.CalamityEntropy.Buffs.MarkedforDeath.DisplayName] - added
[Mods.CalamityEntropy.Buffs.MarkedforDeath.Description] - added
[Mods.CalamityEntropy.Buffs.TemporalSadness.DisplayName] - added
[Mods.CalamityEntropy.Buffs.TemporalSadness.Description] - added
[Mods.CalamityEntropy.Buffs.WhisperingDeath.DisplayName] - added
[Mods.CalamityEntropy.Buffs.WhisperingDeath.Description] - added
[Mods.CalamityEntropy.Buffs.CosmicFreeze.DisplayName] - added
[Mods.CalamityEntropy.Buffs.CosmicFreeze.Description] - added
[Mods.CalamityEntropy.Buffs.Laceration.DisplayName] - added
[Mods.CalamityEntropy.Buffs.Laceration.Description] - added
[Mods.CalamityEntropy.Keybinds.ArmorSetBonus.DisplayName] - added
[Mods.CalamityEntropy.Keybinds.Dash.DisplayName] - added
[Mods.CalamityEntropy.Keybinds.AccessoryAbility.DisplayName] - added
[Mods.CalamityEntropy.Configs.Config.TextEffects.Label] - added
[Mods.CalamityEntropy.Configs.Config.TextEffects.Tooltip] - added
[Mods.CalamityEntropy.Configs.Config.ScreenShakePower.Label] - added
[Mods.CalamityEntropy.Configs.Config.ScreenShakePower.Tooltip] - added
[Mods.CalamityEntropy.ChargeReady] - added
[Mods.CalamityEntropy.KeyNotBound] - added
[Mods.CalamityEntropy.LoreHoldShift] - added
[Mods.CalamityEntropy.Status.Death.AuricRejection] - added
[Mods.CalamityEntropy.NPCs.Cruiser.BossChecklistIntegration.EntryName] - added
[Mods.CalamityEntropy.NPCs.Cruiser.BossChecklistIntegration.SpawnInfo] - added
[Mods.CalamityEntropy.NPCs.Cruiser.BossChecklistIntegration.DespawnMessage] - added
[Mods.CalamityEntropy.NPCs.AbyssalWraith.BossChecklistIntegration.EntryName] - added
[Mods.CalamityEntropy.NPCs.AbyssalWraith.BossChecklistIntegration.SpawnInfo] - added
[Mods.CalamityEntropy.NPCs.AbyssalWraith.BossChecklistIntegration.DespawnMessage] - added
[Mods.CalamityEntropy.Items.Weapons.Rogue.Revelation.Tooltip] - changed
[Mods.CalamityEntropy.Items.Weapons.Rogue.Silence.Tooltip] - changed
[Mods.CalamityEntropy.Items.Weapons.Rogue.ShadewindLance.Tooltip] - changed
[Mods.CalamityEntropy.Items.Weapons.Rogue.Aquashard.Tooltip] - changed
[Mods.CalamityEntropy.Items.Weapons.Rogue.SpearOfRadiance.Tooltip] - changed
[Mods.CalamityEntropy.Items.Weapons.Rogue.AbyssalPiercer.Tooltip] - changed
[Mods.CalamityEntropy.Items.Weapons.Rogue.AzureOfFirmament.Tooltip] - changed
[Mods.CalamityEntropy.Items.Weapons.Rogue.ArbitratorII.Tooltip] - changed
[Mods.CalamityEntropy.Items.Weapons.Rogue.Voidseeker.Tooltip] - changed
[Mods.CalamityEntropy.Items.Weapons.Rogue.TheBeginingAndTheEnd.Tooltip] - changed
[Mods.CalamityEntropy.Items.Weapons.Rogue.AmethystFrisbee.Tooltip] - changed
[Mods.CalamityEntropy.Items.Weapons.Rogue.ProphecyFlyingKnife.Tooltip] - changed
[Mods.CalamityEntropy.Items.Weapons.Rogue.TheDeadCut.Tooltip] - changed
[Mods.CalamityEntropy.Items.Weapons.Rogue.LunarPlank.Tooltip] - changed
[Mods.CalamityEntropy.Items.Weapons.Rogue.AzafureSurgeRod.Tooltip] - changed
[Mods.CalamityEntropy.Items.Weapons.Rogue.TlipocasScythe.Tooltip] - changed
[Mods.CalamityEntropy.Items.Weapons.Rogue.AzafureLightMachineGun.Tooltip] - changed
[Mods.CalamityEntropy.Items.Weapons.Rogue.AzafureAirReaper.Tooltip] - changed
[Mods.CalamityEntropy.Items.Weapons.Rogue.CrystalSpike.Tooltip] - changed
[Mods.CalamityEntropy.Items.Weapons.Rogue.ScorchingChakram.Tooltip] - changed
[Mods.CalamityEntropy.Items.Weapons.Rogue.EmberSpike.Tooltip] - changed
[Mods.CalamityEntropy.Items.Weapons.Rogue.MewMewBomb.Tooltip] - changed
[Mods.CalamityEntropy.Items.Weapons.Rogue.BrillianceSwirlblade.Tooltip] - changed
[Mods.CalamityEntropy.Items.Weapons.Rogue.FlamingSwirlblade.Tooltip] - changed
[Mods.CalamityEntropy.Items.Weapons.Rogue.AzafureSwirlblade.Tooltip] - changed
[Mods.CalamityEntropy.Items.Weapons.Rogue.GlacierSwirlblade.Tooltip] - changed
[Mods.CalamityEntropy.Items.Weapons.Rogue.RunicSwirlblade.Tooltip] - changed
[Mods.CalamityEntropy.Items.Weapons.Rogue.BlazingSwirlblade.Tooltip] - changed
[Mods.CalamityEntropy.Items.Weapons.Rogue.SawofMacrocosm.Tooltip] - changed
[Mods.CalamityEntropy.Items.Weapons.Rogue.ExergySwirlblade.Tooltip] - changed
[Mods.CalamityEntropy.Items.Weapons.Rogue.Apeirokyklos.Tooltip] - changed
[Mods.CalamityEntropy.Items.DedicatedOracle.Tooltip] - changed
[Mods.CalamityEntropy.Items.CrossBorderPursuit.Tooltip] - changed
[Mods.CalamityEntropy.Items.ShadowMantle.Tooltip] - changed
[Mods.CalamityEntropy.Items.MineBox.Tooltip] - changed
[Mods.CalamityEntropy.Items.LurkersCharm.Tooltip] - changed
[Mods.CalamityEntropy.Items.ThiefsPocketwatchOfEclipse.Tooltip] - changed
[Mods.CalamityEntropy.Items.GaleWristblades.Tooltip] - changed
[Mods.CalamityEntropy.Items.WorshipRelic.Tooltip] - changed
[Mods.CalamityEntropy.Items.ShadowPact.Tooltip] - changed
[Mods.CalamityEntropy.Items.OracleDeck.Tooltip] - changed
[Mods.CalamityEntropy.Items.MetropolisCard.Tooltip] - changed
[Mods.CalamityEntropy.Items.Barren.Tooltip] - changed
[Mods.CalamityEntropy.Items.TaintedDeck.Tooltip] - changed
[Mods.CalamityEntropy.Items.VoidFaquirLurkerMask.Tooltip] - changed
[Mods.CalamityEntropy.Items.SilvasCrown.Tooltip] - changed
[Mods.CalamityEntropy.Items.HeartOfStorm.Tooltip] - changed
[Mods.CalamityEntropy.Items.OdinsRefuge.Tooltip] - changed
[Mods.CalamityEntropy.Items.CelestialChronometer.Tooltip] - changed
[Mods.CalamityEntropy.Items.BookmarkSnowgrave.Tooltip] - changed
[Mods.CalamityEntropy.Items.BookmarkStarwreckage.Tooltip] - changed
[Mods.CalamityEntropy.Items.BookmarkWulfrum.Tooltip] - changed
[Mods.CalamityEntropy.Items.BookmarkBloodthirsty.Tooltip] - changed
[Mods.CalamityEntropy.Items.WulfrumSniper.Tooltip] - changed
[Mods.CalamityEntropy.Items.DeusCore.Tooltip] - changed
[Mods.CalamityEntropy.Items.IlmeranAsylum.Tooltip] - changed
[Mods.CalamityEntropy.Items.EntropyModeToggle.Tooltip] - changed
[Mods.CalamityEntropy.Items.Vast.Level4] - changed
[Mods.CalamityEntropy.Items.WhipOfService.Tooltip] - changed
[Mods.CalamityEntropy.SmolderingSetBonus] - changed
[Mods.CalamityEntropy.ChaoticSetBonus] - changed
[Mods.CalamityEntropy.VoidEaterBonus] - changed
[Mods.CalamityEntropy.MariviniumSet] - changed
[Mods.CalamityEntropy.DeathMode] - changed
[Mods.CalamityEntropy.AmmoStarblightSoot] - changed
[Mods.CalamityEntropy.AbyssalPiercerObt] - changed
[Mods.CalamityEntropy.CruiserBestiary] - changed
[Mods.CalamityEntropy.WyrmChat9] - changed
[Mods.CalamityEntropy.EntropyModeDescShort] - changed
[Mods.CalamityEntropy.helmvfl] - changed
[Mods.CalamityEntropy.ArmorPrefixSilenceDescription] - changed
[Mods.CalamityEntropy.ArmorPrefixArmorPrefixEchoDescription] - changed
[Mods.CalamityEntropy.PrefixEchoDescr] - changed
[Mods.CalamityEntropy.PrefixVigorousDescr] - changed
[Mods.CalamityEntropy.AzafureSet] - changed
[Mods.CalamityEntropy.AzafureSet2] - changed
[Mods.CalamityEntropy.AzafureSet3] - changed
[Mods.CalamityEntropy.TSA1B] - changed
[Mods.CalamityEntropy.TSA2B] - changed
[Mods.CalamityEntropy.TSA3] - changed
[Mods.CalamityEntropy.TSA5] - changed
[Mods.CalamityEntropy.TSU5] - changed
[Mods.CalamityEntropy.TSU6] - changed
[Mods.CalamityEntropy.TSU7] - changed
[Mods.CalamityEntropy.TSU9] - changed
[Mods.CalamityEntropy.NPCs.PrimordialWyrmNPC.Census.SpawnCondition] - changed
[Mods.CalamityEntropy.NPCs.AcropolisMachine.BossChecklistIntegration.SpawnInfo] - changed
[Mods.CalamityEntropy.Buffs.WindPressure.ItemTooltip] - changed
[Mods.CalamityEntropy.AzafureEnhances.AzafureLightMachineGun] - changed
[Mods.CalamityEntropy.LegendaryAbility.TlipocasScytheLegend.Downed.TScytheU1B] - changed
[Mods.CalamityEntropy.LegendaryAbility.TlipocasScytheLegend.Downed.TScytheU2B] - changed
[Mods.CalamityEntropy.LegendaryAbility.TlipocasScytheLegend.Downed.TScytheU5] - changed
[Mods.CalamityEntropy.LegendaryAbility.TlipocasScytheLegend.Downed.TScytheU6] - changed
[Mods.CalamityEntropy.LegendaryAbility.TlipocasScytheLegend.Downed.TScytheU7] - changed
[Mods.CalamityEntropy.LegendaryAbility.TlipocasScytheLegend.Downed.TScytheU9] - changed
[Mods.CalamityEntropy.LegendaryAbility.TlipocasScytheLegend.Dialog.TScytheDia3] - changed
[Mods.CalamityEntropy.LegendaryAbility.TlipocasScytheLegend.Dialog.TScytheDia5] - changed
[Mods.CalamityEntropy.LegendaryAbility.TlipocasScytheLegend.Dialog.TScytheDia6] - changed
[Mods.CalamityEntropy.LegendaryAbility.TlipocasScytheLegend.Dialog.TScytheDia8] - changed
[Mods.CalamityEntropy.LegendaryAbility.TlipocasScytheLegend.Dialog.TScytheDia11] - changed
[Mods.CalamityEntropy.LegendaryAbility.TlipocasScytheLegend.Dialog.TScytheDia12] - changed
[Mods.CalamityEntropy.LegendaryAbility.TlipocasScytheLegend.Dialog.TScytheDia13] - changed
[Mods.CalamityEntropy.LegendaryAbility.TlipocasScytheLegend.Dialog.TScytheDia14] - changed
[Mods.CalamityEntropy.LegendaryAbility.TlipocasScytheLegend.Dialog.TScytheDia15] - changed
[Mods.CalamityEntropy.LegendaryAbility.TlipocasScytheLegend.Dialog.TScytheDia16] - changed
[Mods.CalamityEntropy.LegendaryAbility.DCarverDia2] - changed
[Mods.CalamityEntropy.LegendaryAbility.DCarverDia4] - changed
[Mods.CalamityEntropy.LegendaryAbility.DCarverDia5] - changed
[Mods.CalamityEntropy.LegendaryAbility.DCarverDia7] - changed
[Mods.CalamityEntropy.LegendaryAbility.DCarverDia10] - changed
[Mods.CalamityEntropy.LegendaryAbility.DCarverDia11] - changed
[Mods.CalamityEntropy.LegendaryAbility.DCarverDia12] - changed
[Mods.CalamityEntropy.LegendaryAbility.DCarverDia13] - changed
[Mods.CalamityEntropy.LegendaryAbility.DCarverDia14] - changed
[Mods.CalamityEntropy.LegendaryAbility.DCarverDia15] - changed
[Mods.CalamityEntropy.LegendaryAbility.SusiesBracelet.Trials.t5] - changed
[Mods.CalamityEntropy.LegendaryAbility.SusiesBracelet.Trials.t7] - changed
[Mods.CalamityEntropy.LegendaryAbility.SusiesBracelet.Trials.t8] - changed
[Mods.CalamityEntropy.LegendaryAbility.SusiesBracelet.Trials.t9] - changed
[Mods.CalamityEntropy.LegendaryAbility.SusiesBracelet.Trials.t10] - changed
[Mods.CalamityEntropy.Items.Accessories.Wings.FlowingLight.Tooltip] - changed
[Mods.CalamityEntropy.Configs.Config.MariviumArmorSetOnlyProvideStealthBarWhenHoldingRogueWeapons.Label] - removed
[Mods.CalamityEntropy.Configs.Config.MariviumArmorSetOnlyProvideStealthBarWhenHoldingRogueWeapons.Tooltip] - removed
[Mods.CalamityEntropy.Configs.Config.CalamityTextEffectCompatibilityFix.Label] - removed
[Mods.CalamityEntropy.Configs.Config.CalamityTextEffectCompatibilityFix.Tooltip] - removed
[Mods.CalamityEntropy.Configs.ServerConfig.ClearStealthWhenChangeEquipSet.Label] - removed
[Mods.CalamityEntropy.Configs.ServerConfig.ClearStealthWhenChangeEquipSet.Tooltip] - removed
[Mods.CalamityEntropy.Configs.ServerConfig.RogueAccessoriesProvide40Stealth.Label] - removed
[Mods.CalamityEntropy.Configs.ServerConfig.RogueAccessoriesProvide40Stealth.Tooltip] - removed
[Mods.CalamityEntropy.BloodBoiling] - removed
[Mods.CalamityEntropy.BloodBoilingDescr] - removed
[Mods.CalamityEntropy.InfernumIntros.NihilityTwin] - removed
[Mods.CalamityEntropy.InfernumIntros.Cruiser] - removed
[Mods.CalamityEntropy.InfernumIntros.Prophet] - removed
[Mods.CalamityEntropy.InfernumIntros.Luminaris] - removed
[Mods.CalamityEntropy.InfernumIntros.Apsychos] - removed
[Mods.CalamityEntropy.PWSpawnInfo] - removed
[Mods.CalamityEntropy.CrossModSupportFish] - removed
[Mods.CalamityEntropy.ShadowBar] - removed
[Mods.CalamityEntropy.ShadowBarInfo] - removed
[Mods.CalamityEntropy.SolarBar] - removed
[Mods.CalamityEntropy.SolarBarInfo] - removed
[Mods.CalamityEntropy.ShiftMoreInfo] - removed
[Mods.CalamityEntropy.NPCs.PrimordialWyrmNPC.TownNPCMood.MonumentNearby] - removed
[Mods.CalamityEntropy.PassedBossRush] - removed
[Mods.CalamityEntropy.LMDialog15] - removed
[Mods.CalamityEntropy.Items.HeartOfStorm.CWRGanged] - removed
[Mods.CalamityEntropy.NPCs.CruiserHead.BossChecklistIntegration.EntryName] - removed // 键路径迁移至 NPCs.Cruiser.BossChecklistIntegration（代码读取键名变更）
[Mods.CalamityEntropy.NPCs.CruiserHead.BossChecklistIntegration.SpawnInfo] - removed
[Mods.CalamityEntropy.NPCs.CruiserHead.BossChecklistIntegration.DespawnMessage] - removed
[Mods.CalamityEntropy.TSL1] - removed // TSL1-TSL16/TSLEnd 为无代码引用的死键（实际使用 LegendaryAbility.TScytheDia 系）
[Mods.CalamityEntropy.TSL2] - removed
[Mods.CalamityEntropy.TSL3] - removed
[Mods.CalamityEntropy.TSL4] - removed
[Mods.CalamityEntropy.TSL5] - removed
[Mods.CalamityEntropy.TSL6] - removed
[Mods.CalamityEntropy.TSL7] - removed
[Mods.CalamityEntropy.TSL8] - removed
[Mods.CalamityEntropy.TSL9] - removed
[Mods.CalamityEntropy.TSL10] - removed
[Mods.CalamityEntropy.TSL11] - removed
[Mods.CalamityEntropy.TSL12] - removed
[Mods.CalamityEntropy.TSL13] - removed
[Mods.CalamityEntropy.TSL14] - removed
[Mods.CalamityEntropy.TSL15] - removed
[Mods.CalamityEntropy.TSL16] - removed
[Mods.CalamityEntropy.TSLEnd] - removed
[Mods.CalamityEntropy.Tiles.LavaFountain] - added // 熔岩喷泉地图名(FurnitureCommon.SetUpFountain)
[Mods.CalamityEntropy.Misc.HotkeyNotBound] - added // 键位未绑定提示(CEUtils.TooltipHotkeyString)
[Mods.CalamityEntropy.LegendaryAbility.TlipocasScytheLegend.Ability.TScytheA2B] - changed // 传送斩冷却写明30秒/击败巡游者后20秒
[Mods.CalamityEntropy.LegendaryAbility.TlipocasScytheLegend.Ability.TScytheA4] - changed // 虚空赋能写明8秒/击败巡游者后15秒,+20%伤害
[Mods.CalamityEntropy.LegendaryAbility.TlipocasScytheLegend.Ability.TScytheA5] - changed // 修复文本中的制表符错字
[Mods.CalamityEntropy.Buffs.WindPressure.DisplayName] - removed // 疾风腕刃旧充能机制死链,buff类一并删除
[Mods.CalamityEntropy.Buffs.WindPressure.Description] - removed
[Mods.CalamityEntropy.Buffs.WindPressure.ItemTooltip] - removed
[Mods.CalamityEntropy.KilledByBloodBoiling] - removed // 血沸附魔已删除,死亡播报触发链断死
[Mods.CalamityEntropy.DraedonDialogs.Void.Inquiry] - removed // 消费文件CalEntropyDraedonDialogs.cs已删,代码零引用
[Mods.CalamityEntropy.DraedonDialogs.Void.Response] - removed
[Mods.CalamityEntropy.LoreAwakeningDesc] - removed // 以下40键为灾厄Boss传颂系孤儿键:效果类随脱离灾厄删除,代码零引用(自有活键LoreApsychosDesc/LuminarisLoreDesc保留)
[Mods.CalamityEntropy.LoreKingSlimeDesc] - removed
[Mods.CalamityEntropy.LoreDesertScourgeDesc] - removed
[Mods.CalamityEntropy.LoreCrimsonDesc] - removed
[Mods.CalamityEntropy.LoreCrabulonDesc] - removed
[Mods.CalamityEntropy.LoreEyeofCthulhuDesc] - removed
[Mods.CalamityEntropy.LoreCorruptionDesc] - removed
[Mods.CalamityEntropy.LoreBrainofCthulhuDesc] - removed
[Mods.CalamityEntropy.LoreQueenBeeDesc] - removed
[Mods.CalamityEntropy.LoreHiveMindDesc] - removed
[Mods.CalamityEntropy.LorePerforatorsDesc] - removed
[Mods.CalamityEntropy.LoreEaterofWorldsDesc] - removed
[Mods.CalamityEntropy.LoreSkeletronDesc] - removed
[Mods.CalamityEntropy.LoreSlimeGodDesc] - removed
[Mods.CalamityEntropy.LoreUnderworldDesc] - removed
[Mods.CalamityEntropy.LoreWallofFleshDesc] - removed
[Mods.CalamityEntropy.LoreBloodMoonDesc] - removed
[Mods.CalamityEntropy.LoreQueenSlimeDesc] - removed
[Mods.CalamityEntropy.LoreArchmageDesc] - removed
[Mods.CalamityEntropy.LoreMechsDesc] - removed
[Mods.CalamityEntropy.LoreTwinsDesc] - removed
[Mods.CalamityEntropy.LoreDestroyerDesc] - removed
[Mods.CalamityEntropy.LoreSkeletronPrimeDesc] - removed
[Mods.CalamityEntropy.LoreSulphurSeaDesc] - removed
[Mods.CalamityEntropy.LoreAzafureDesc] - removed
[Mods.CalamityEntropy.LoreCalamitasCloneDesc] - removed
[Mods.CalamityEntropy.LorePlanteraDesc] - removed
[Mods.CalamityEntropy.LoreAquaticScourgeDesc] - removed
[Mods.CalamityEntropy.LoreAbyssDesc] - removed
[Mods.CalamityEntropy.LoreLeviathanAnahitaDesc] - removed
[Mods.CalamityEntropy.LoreAstrumAureusDesc] - removed
[Mods.CalamityEntropy.LoreBrimstoneElementalDesc] - removed
[Mods.CalamityEntropy.LoreGolemDesc] - removed
[Mods.CalamityEntropy.LorePlaguebringerGoliathDesc] - removed
[Mods.CalamityEntropy.LoreEmpressofLightDesc] - removed
[Mods.CalamityEntropy.LoreDukeFishronDesc] - removed
[Mods.CalamityEntropy.LoreRavagerDesc] - removed
[Mods.CalamityEntropy.LorePreludeDesc] - removed
[Mods.CalamityEntropy.LoreAstralInfectionDesc] - removed
[Mods.CalamityEntropy.LoreAstrumDeusDesc] - removed
[Mods.CalamityEntropy.Items.VoidDimensionLocator.DisplayName] - added // 虚空入侵开启物品(M1 事件框架)
[Mods.CalamityEntropy.Items.VoidDimensionLocator.Tooltip] - added
[Mods.CalamityEntropy.VoidInvasion.Title] - added // 事件标题(进度条与广播用)
[Mods.CalamityEntropy.VoidInvasion.Begin] - added // 事件开场广播
[Mods.CalamityEntropy.VoidInvasion.Victory] - added // 事件胜利广播
[Mods.CalamityEntropy.VoidInvasion.ProgressPercent] - added // 进度条百分比文本格式
[Mods.CalamityEntropy.NPCs.VoidCultistWarlock.DisplayName] - added // 虚空术士(M2 骚扰层)
[Mods.CalamityEntropy.NPCs.VoidCandleWisp.DisplayName] - added // 虚空烛灵(M2 骚扰层)
[Mods.CalamityEntropy.NPCs.VoidTemplar.DisplayName] - added // 虚空护教骑士(M2 主力层)
[Mods.CalamityEntropy.Projectiles.HealWisp.DisplayName] - added // 术士治疗光灵
[Mods.CalamityEntropy.Projectiles.VoidFireball.DisplayName] - added // 烛灵火球
[Mods.CalamityEntropy.Projectiles.VoidGroundFlame.DisplayName] - added // 火球落地残焰
[Mods.CalamityEntropy.Projectiles.VoidFlameBreath.DisplayName] - added // 喷焰通用件(烛灵/M3 爬行者)
[Mods.CalamityEntropy.NPCs.VoidGolem.DisplayName] - added // 虚空魔像(M3 精英层)
[Mods.CalamityEntropy.NPCs.VoidCrawlerHead.DisplayName] - added // 虚空爬行者(M3 主力层,体节尾同名)
[Mods.CalamityEntropy.NPCs.VoidCrawlerBody.DisplayName] - added
[Mods.CalamityEntropy.NPCs.VoidCrawlerTail.DisplayName] - added
[Mods.CalamityEntropy.NPCs.VoidPredatorHead.DisplayName] - added // 虚空掠食者(M3 精英层,体节尾同名)
[Mods.CalamityEntropy.NPCs.VoidPredatorBody.DisplayName] - added
[Mods.CalamityEntropy.NPCs.VoidPredatorTail.DisplayName] - added
[Mods.CalamityEntropy.NPCs.VoidmawShark.DisplayName] - added // 噬虚鲨(M3 精英层)
[Mods.CalamityEntropy.NPCs.ChaosChimera.DisplayName] - added // 混沌嵌合体(M3 精英层,显示名统一"嵌合体",美术文件夹实名"融合体")
[Mods.CalamityEntropy.Projectiles.VoidPortal.DisplayName] - added // 全事件通用传送门演出件(§0.3 支柱 1)
[Mods.CalamityEntropy.Projectiles.GolemShockwave.DisplayName] - added // 魔像跳锤贴地冲击波
[Mods.CalamityEntropy.Projectiles.GolemLightPillar.DisplayName] - added // 魔像光柱锤击(每第 3 锤)
[Mods.CalamityEntropy.Projectiles.ChimeraClawSlash.DisplayName] - added // 嵌合体双爪连击判定
[Mods.CalamityEntropy.Projectiles.ChimeraGroundSpike.DisplayName] - added // 嵌合体插地爆发地刺
[Mods.CalamityEntropy.NPCs.VoidCardinal.DisplayName] - added // 红衣主教(M4 指挥层,场上限 1)
[Mods.CalamityEntropy.Projectiles.VoidLightningBolt.DisplayName] - added // 主教虚空闪电(警示线 30t 后沿线放电 2 次)
[Mods.CalamityEntropy.NPCs.RiftWraith.DisplayName] - added // 裂隙恶灵(M5 事件小 Boss,深渊亡魂事件回声)
[Mods.CalamityEntropy.NPCs.EntropyFiend.DisplayName] - added // 虚熵魔物(M5 99% 守门小 Boss)
[Mods.CalamityEntropy.Projectiles.VoidCrystal.DisplayName] - added // 魔物统一水晶弹幕(扇射/环形/蜕晶)
[Mods.CalamityEntropy.Projectiles.VoidCrystalCage.DisplayName] - added // 魔物水晶牢笼(单弹幕承载围环)
[Mods.CalamityEntropy.NPCs.VoidWormlet.DisplayName] - added // 虚空蠕虫(M6 教皇门中演出怪)
[Mods.CalamityEntropy.Projectiles.PopeChain.DisplayName] - added // 死怨铁索(M6 教皇三阶段通用模板)
[Mods.CalamityEntropy.Projectiles.DeathBomb.DisplayName] - added // 死亡爆弹(M6 教皇 P1-2)
[Mods.CalamityEntropy.Projectiles.DeathBombLaser.DisplayName] - added // 爆弹充能期的 6 向放射激光
[Mods.CalamityEntropy.Projectiles.PopeScytheSlash.DisplayName] - added // 魔镰旋斩判定弧(M6 教皇 P1-4)
[Mods.CalamityEntropy.Projectiles.VPVoidLightBall.DisplayName] - removed // 教皇原型旧三态弹幕随 M6 重写删除
[Mods.CalamityEntropy.Projectiles.VPRot.DisplayName] - removed // 同上,旧环绕判定线弹幕删除
[Mods.CalamityEntropy.Projectiles.MagicEyeBolt.DisplayName] - added // 魔焰弹(M7 教皇 P2 通用小弹幕,追踪/直飞两模式)
[Mods.CalamityEntropy.Projectiles.DimensionDisc.DisplayName] - added // 维度魔盘(M7 教皇 P2-5/7/8)
[Mods.CalamityEntropy.Projectiles.DiscBeam.DisplayName] - added // 魔盘贯穿巨激光(M7 教皇 P2-5,宽 90px 厚束)
[Mods.CalamityEntropy.Projectiles.OmniscientEye.DisplayName] - added // 全知之眼(M7 教皇 P2-6/6s)
[Mods.CalamityEntropy.Projectiles.MaliceClawProj.DisplayName] - added // 恶念之爪(M7 教皇 P2-7)
[Mods.CalamityEntropy.NPCs.LightningOrb.DisplayName] - added // 闪电球(M8 教皇 P3-2 可击破放电单位)
[Mods.CalamityEntropy.Projectiles.ReflectLaser.DisplayName] - added // 反射激光(M8 教皇 P3-4,触领域边界反射四段)
[Mods.CalamityEntropy.NPCs.VoidPope.DisplayName] - changed // M9 正名:虚空教主 → 虚空教皇(void-invasion.md §0.4 正典)
[Mods.CalamityEntropy.NPCs.VoidPopeHand.DisplayName] - changed // 随本体正名(ru 同步改 Понтифик 谱系)
[Mods.CalamityEntropy.NPCs.VoidPope.BossChecklistIntegration.EntryName] - added // M9 BossChecklist 教皇条目(weight 21.5)
[Mods.CalamityEntropy.NPCs.VoidPope.BossChecklistIntegration.SpawnInfo] - added
[Mods.CalamityEntropy.NPCs.VoidPope.BossChecklistIntegration.DespawnMessage] - added
[Mods.CalamityEntropy.VoidInvasion.BossChecklistIntegration.EntryName] - added // M9 BossChecklist 事件条目(LogEvent,weight 21.2)
[Mods.CalamityEntropy.VoidInvasion.BossChecklistIntegration.SpawnInfo] - added
[Mods.CalamityEntropy.VoidInvasion.BossChecklistIntegration.DespawnMessage] - added
[Mods.CalamityEntropy.Items.PopeSummonItem.DisplayName] - added // 维度圣座请柬(M9 教皇召唤物,§5.2)
[Mods.CalamityEntropy.Items.PopeSummonItem.Tooltip] - added
[Mods.CalamityEntropy.Items.VoidPopeBag.DisplayName] - added // 教皇专家宝袋(§5.3)
[Mods.CalamityEntropy.Items.VoidPopeBag.Tooltip] - added
[Mods.CalamityEntropy.Items.VoidPopeRelic.DisplayName] - added // 教皇大师圣物(§5.3)
[Mods.CalamityEntropy.Items.VoidPopeRelic.Tooltip] - added
[Mods.CalamityEntropy.Items.PopeMedal.DisplayName] - added // 教皇纪念章饰品(§5.3:进度 ×1.1 + 虚空之触减半)
[Mods.CalamityEntropy.Items.PopeMedal.Tooltip] - added
[Mods.CalamityEntropy.Items.VoidPopeLore.DisplayName] - added // 教皇传颂之物(§5.3,CELoreItem)
[Mods.CalamityEntropy.Items.VoidPopeLore.Tooltip] - added
[Mods.CalamityEntropy.Items.VoidPopeLore.Lore] - added // 传记全文(Shift 查看)
[Mods.CalamityEntropy.VoidPopeLoreDesc] - added // Lore 启用效果说明({1} = 5)
[Mods.CalamityEntropy.Items.FallenVoidCodex.DisplayName] - added // 堕虚邪典(M9 七武器,熵之书)
[Mods.CalamityEntropy.Items.FallenVoidCodex.Tooltip] - added
[Mods.CalamityEntropy.Items.VoidGodScythe.DisplayName] - added // 虚神魔镰(M9 七武器,近战蓄势)
[Mods.CalamityEntropy.Items.VoidGodScythe.Tooltip] - added
[Mods.CalamityEntropy.Items.PrisonKnife.DisplayName] - added // 镇狱飞刀(M9 七武器,投掷近战蓄势)
[Mods.CalamityEntropy.Items.PrisonKnife.Tooltip] - added
[Mods.CalamityEntropy.Items.OmniscientTetrahedron.DisplayName] - added // 全知金四面体(M9 七武器,召唤)
[Mods.CalamityEntropy.Items.OmniscientTetrahedron.Tooltip] - added
[Mods.CalamityEntropy.Items.CurseRoar.DisplayName] - added // 咒怨咆哮(M9 七武器,枪蓄势)
[Mods.CalamityEntropy.Items.CurseRoar.Tooltip] - added
[Mods.CalamityEntropy.Items.VoidPredatorStaff.DisplayName] - added // 虚空掠食者召唤杖(M9 七武器,掠食者 5%/魔物 20% 掉落)
[Mods.CalamityEntropy.Items.VoidPredatorStaff.Tooltip] - added
[Mods.CalamityEntropy.Items.SupremeVoidFist.DisplayName] - added // 超绝虚空铁拳(M9 七武器,魔像 4% 掉落)
[Mods.CalamityEntropy.Items.SupremeVoidFist.Tooltip] - added
[Mods.CalamityEntropy.Buffs.OmniscientEyeBuff.DisplayName] - added // 四面体随从 buff
[Mods.CalamityEntropy.Buffs.OmniscientEyeBuff.Description] - added
[Mods.CalamityEntropy.Buffs.VoidPredatorBuff.DisplayName] - added // 掠食者杖随从 buff
[Mods.CalamityEntropy.Buffs.VoidPredatorBuff.Description] - added
[Mods.CalamityEntropy.Projectiles.CodexEyeBolt.DisplayName] - added // 邪典魔焰弹(友方版)
[Mods.CalamityEntropy.Projectiles.CodexVoidChain.DisplayName] - added // 邪典小型铁索(PopeChain 友方短版)
[Mods.CalamityEntropy.Projectiles.VoidGodScytheHeld.DisplayName] - added // 魔镰手持挥砍体
[Mods.CalamityEntropy.Projectiles.VoidScytheSpinSlash.DisplayName] - added // 魔镰旋斩(PopeScytheSlash 友方版)
[Mods.CalamityEntropy.Projectiles.PurgatoryKnifeProj.DisplayName] - added // 炼狱飞刀(回旋镖式)
[Mods.CalamityEntropy.Projectiles.OmniscientEyeMinion.DisplayName] - added // 全知之眼随从
[Mods.CalamityEntropy.Projectiles.MinionEyeBolt.DisplayName] - added // 随从魔焰弹
[Mods.CalamityEntropy.Projectiles.CurseRoarHeld.DisplayName] - added // 咒怨咆哮手持枪体
[Mods.CalamityEntropy.Projectiles.CurseVoidBullet.DisplayName] - added // 虚空弹
[Mods.CalamityEntropy.Projectiles.CurseRoarWave.DisplayName] - added // 咆哮锥形音波
[Mods.CalamityEntropy.Projectiles.VoidPredatorMinion.DisplayName] - added // 迷你掠食者随从
[Mods.CalamityEntropy.Projectiles.SupremeVoidFistHeldProj.DisplayName] - added // 铁拳手持体
[Mods.CalamityEntropy.Projectiles.VoidFistJab.DisplayName] - added // 直拳判定
[Mods.CalamityEntropy.Projectiles.VoidFistPunchProj.DisplayName] - added // 重拳铁拳弹幕
[Mods.CalamityEntropy.Projectiles.VoidFistDash.DisplayName] - added // 蓄势冲撞判定
[Mods.CalamityEntropy.VoidPopeBestiary] - added // M9 图鉴词条(教皇解除 HideFromBestiary,正式入图鉴)
[Mods.CalamityEntropy.VoidCultistWarlockBestiary] - added // 以下 11 键为事件 NPC 图鉴词条(§1.7)
[Mods.CalamityEntropy.VoidCandleWispBestiary] - added
[Mods.CalamityEntropy.VoidTemplarBestiary] - added
[Mods.CalamityEntropy.VoidGolemBestiary] - added
[Mods.CalamityEntropy.VoidCrawlerBestiary] - added
[Mods.CalamityEntropy.VoidPredatorBestiary] - added
[Mods.CalamityEntropy.VoidmawSharkBestiary] - added
[Mods.CalamityEntropy.ChaosChimeraBestiary] - added
[Mods.CalamityEntropy.VoidCardinalBestiary] - added
[Mods.CalamityEntropy.RiftWraithBestiary] - added
[Mods.CalamityEntropy.EntropyFiendBestiary] - added
[Mods.CalamityEntropy.Items.OdinsRefuge.Tooltip] - changed // 上神之佑加回盾冲(自研圣佑冲锋:双击/冲刺键触发,盾撞1000近战+首撞圣光冲击波300点燃神圣之火+命中后1.5秒15%减伤),并把切换恐慌项链一行补上"按住Shift"(与代码判定一致)

// ===== 2026-08-31 平衡性大调整(docx 平衡案)本地化收尾 =====
[Mods.CalamityEntropy.Items.BookMarkBrimstone.DisplayName] - changed // 硫磺火书签→恶魔书签(改名),tooltip补掉落来源
[Mods.CalamityEntropy.Items.BookMarkAuric.DisplayName] - changed // 金源书签→耀日书签(改名),tooltip重写(3黄金七彩矢/微光转化)
[Mods.CalamityEntropy.Items.BookMarkProfaned.DisplayName] - changed // 亵渎书签→祭祀书签(改名),tooltip重写(2追踪火球+2暗影火球)
[Mods.CalamityEntropy.Items.BookMarkSilva.DisplayName] - changed // 始源林海书签→苍绿书签(改名),tooltip重写(酸性毒液/回血/树妖祝福)
[Mods.CalamityEntropy.Items.BookMarkSunkenSea.DisplayName] - changed // 沉沦海书签→碎晶书签(改名)
[Mods.CalamityEntropy.Items.BookmarkSulphurous.DisplayName] - changed // 硫磺书签→咒噬书签(改名),无泡泡改诅咒狱火,补爬藤怪掉落
[Mods.CalamityEntropy.Items.BookMarkOfLight.Tooltip] - changed // 重做:光明能量回5魔力+20%跳跃速度
[Mods.CalamityEntropy.Items.BookMarkAstral.Tooltip] - changed // 重做:命中召唤追踪幻星弹
[Mods.CalamityEntropy.Items.BookMarkTerra.Tooltip] - changed // 重做:头顶智能弹跳泰拉巨石+10防御
[Mods.CalamityEntropy.Items.BookMarkLunar.Tooltip] - changed // 重做:头顶落2~3道月耀射线
[Mods.CalamityEntropy.Items.BookMarkAquarius.Tooltip] - changed // 重做:治愈水滴(1血3魔)
[Mods.CalamityEntropy.Items.BookMarkAries.Tooltip] - changed // 重做:攻击召唤暗影之手
[Mods.CalamityEntropy.Items.BookMarkCancer.Tooltip] - changed // 重做:+50%弹幕大小/-10%魔耗/大幅击退
[Mods.CalamityEntropy.Items.BookMarkSagittarius.Tooltip] - changed // 重做:+33%弹速/刷怪率翻倍/骷髅王掉落
[Mods.CalamityEntropy.Items.BookMarkPisces.Tooltip] - changed // 重做:命中召唤小型克苏鲁旋风
[Mods.CalamityEntropy.Items.BookmarkStarwreckage.Tooltip] - changed // 重做:随机四柱碎片(无视无敌帧)
[Mods.CalamityEntropy.Items.BookMarkTaurus.Tooltip] - changed // 限定仅书本体弹幕分裂
[Mods.CalamityEntropy.TooltipBookMark] - changed // 补书签统一触发规则(本体弹幕触发/1秒内置CD)
[Mods.CalamityEntropy.Items.OracleDeck.Tooltip] - changed // 卡组重做(5防/5%三维/10%移速攻速魔耗/団队治疗/66.7%伤害上限)
[Mods.CalamityEntropy.Items.TaintedDeck.Tooltip] - changed // 卡组重做(+30%伤害/受伤×1.25/召唤栏叠伤/投掷追踪/暗影火焰/近战攻速/魔耗/断再生)
[Mods.CalamityEntropy.Items.Godhead.Tooltip] - changed // 重做:60格隐形伤害光环(40伤/0.25s/25穿甲/破晓)
[Mods.CalamityEntropy.Items.OdinsRefuge.Tooltip] - changed // 重做:18防/免疫大多数减益击退/神圣屏障格挡/团队15%免伤/+600仇恨(盾冲退役)
[Mods.CalamityEntropy.Items.HolyMoonlight.Tooltip] - changed // 重做:40魔力/10%魔伤/50%魔力护盾上限250/魔力病减半/冷却期100:1吸血
[Mods.CalamityEntropy.Items.CelestialRing.Tooltip] - changed // 重做:1再生/2召唤栏/15%召唤伤/15%鞭速鞭长
[Mods.CalamityEntropy.Items.SilvasCrown.Tooltip] - changed // 重做:2防/+25生命/蜂蜜
[Mods.CalamityEntropy.Items.HeartOfStorm.Tooltip] - changed // 重做:命中召唤闪电(基伤800/1秒CD)
[Mods.CalamityEntropy.Items.WispLantern.Tooltip] - changed // 重做:75%生效1件/25%生效2件/同类互斥
[Mods.CalamityEntropy.Items.ShadeCloak.Tooltip] - changed // 重做:自带暗影冲刺/冲刺无敌/5秒CD/排他
[Mods.CalamityEntropy.Items.SusiesBracelet.Tooltip] - changed // 重做:免疫击退+近战伤害/暴击阶梯(11档)
[Mods.CalamityEntropy.LegendaryAbility.SusiesBracelet.Trials] - changed // 试炼阶梯重排为11档(t0~t10),Lores 合并至 l0~l10
[Mods.CalamityEntropy.Items.CelestialChronometer.Tooltip] - changed // 重做:75血/神话护身符/减33%debuff/6+1再生/草药机制(shift开关)/站草药+20防
[Mods.CalamityEntropy.Items.Vast.Tooltip] - changed // 去成长重做:固定效果+魔流(250魔耗/层,3%魔暴伤),TooltipBase/Level0-6 阶梯键废弃
[Mods.CalamityEntropy.Items.Leyla.Tooltip] - changed // 去成长重做:40血/2再生/团队蜂蜜/+50%debuff伤/霜冻毒液咒火
[Mods.CalamityEntropy.Items.PlagueInternalCombustionEngine.Tooltip] - changed // 重做:受击AoE困惑+毒液/命中召唤穿墙瘟疫能量
[Mods.CalamityEntropy.Items.TalismanOfTheAzureAbyss.Tooltip] - changed // 重做:无敌帧/命中漩涡/受击3漩涡5秒CD(水下机动保留)
[Mods.CalamityEntropy.Items.ThiefsPocketwatchOfEclipse.Tooltip] - changed // 补跳跃速度与死亡复活(120秒CD)
[Mods.CalamityEntropy.Items.LurkersCharm.Tooltip] - changed // [D]占位从减伤改为跳跃速度
[Mods.CalamityEntropy.Items.VoidCore.Tooltip] - changed // 删除暴击伤害行(效果已移除)
[Mods.CalamityEntropy.Items.VoidEaterLeggings.Tooltip] - changed // 补+8%伤害与暴击
[Mods.CalamityEntropy.VoidEaterBonus] - changed // 套装奖励:魔力+100→+60,新增+40生命
[Mods.CalamityEntropy.ChaoticSetBonus] - changed // 套装奖励:生命+80/魔力+60,原12%伤害减免与仆从栏行退役
[Mods.CalamityEntropy.MariviniumSet] - changed // 渊洋神迹套装奖励重写(水中畅行/无限飞行/4再生/接触-20%/3仆从栏/20%近战攻速/两层渊海护盾)
[Mods.CalamityEntropy.Items.MariviniumHelmet.Tooltip] - changed // 头盔:攻速移除,生命魔力+100
[Mods.CalamityEntropy.Items.MariviniumBodyArmor.Tooltip] - changed // 胸甲:+15%伤5%暴
[Mods.CalamityEntropy.Items.MariviniumLeggings.Tooltip] - changed // 护腿:30%移速30%跳跃
[Mods.CalamityEntropy.Items.VoidFaquirBodyArmor.Tooltip] - changed // 胸甲12%伤5%暴(穿甲行删)
[Mods.CalamityEntropy.Items.VoidFaquirDevourerHelm.Tooltip] - changed // 吞天盔新数值(20/12/80血)
[Mods.CalamityEntropy.Items.VoidFaquirCosmosHood.Tooltip] - changed // 宙法盔新数值(23/18/100魔80血)
[Mods.CalamityEntropy.Items.VoidFaquirEvokerHelm.Tooltip] - changed // 唤灵盔新数值(40%召伤/1栏/80血100魔)
[Mods.CalamityEntropy.Items.VoidFaquirShadowHelm.Tooltip] - changed // 猎影盔新数值(18/25/80血)
[Mods.CalamityEntropy.Items.VoidFaquirLurkerMask.Tooltip] - changed // 标注暂不可获取
[Mods.CalamityEntropy.helmvfc] - changed // 宙法盔奖励:魔力病减半+命中强再生
[Mods.CalamityEntropy.helmvfd] - changed // 吞天盔奖励:20%近战攻速+接触伤害-15%
[Mods.CalamityEntropy.helmvfs] - changed // 猎影盔奖励:+15%远程伤害+50%弹速
[Mods.CalamityEntropy.helmvfe] - changed // 唤灵盔奖励:+4召唤栏+迷你虚空吞噬者
[Mods.CalamityEntropy.Items.HorizonssKey.Tooltip] - changed // 重做:8栏召唤武器(去成长)
[Mods.CalamityEntropy.Items.Vitalfeather.Tooltip] - changed // 重做:破晓标记(0.75s爆炸+回血),月总掉落
[Mods.CalamityEntropy.Items.AshTranscript.Tooltip] - changed // 重做:5扇形远古光明妖,拜月邪教徒掉落
[Mods.CalamityEntropy.Items.TabooVolume.Tooltip] - changed // 补硫磺暴弹3秒内置冷却
[Mods.CalamityEntropy.Items.Zyphros.Tooltip] - changed // 重做:5连水晶箭/30%幻影箭/协同水晶无减益无视护甲
[Mods.CalamityEntropy.Items.Bramblecleave.Tooltip] - changed // 去成长(等级行删)
[Mods.CalamityEntropy.Projectiles.MiniVoidDevourer.DisplayName] - added // 迷你虚空吞噬者(唤灵盔仆从)
[Mods.CalamityEntropy.Projectiles.VitalfeatherBurst.DisplayName] - added // 破晓爆炸
[Mods.CalamityEntropy.Projectiles.AshAncientLight.DisplayName] - added // 远古光明妖
[Mods.CalamityEntropy.Projectiles.ZyphrosPhantomArrow.DisplayName] - added // 幻影箭
[Mods.CalamityEntropy.Projectiles.GodheadAura.DisplayName] - added // 神性光环
[Mods.CalamityEntropy.Projectiles.PlagueEnergy.DisplayName] - added // 瘟疫能量
[Mods.CalamityEntropy.Projectiles.AriesShadowHand.DisplayName] - added // 暗影之手
[Mods.CalamityEntropy.Projectiles.PiscesWhirlwind.DisplayName] - added // 克苏鲁旋风
[Mods.CalamityEntropy.Projectiles.ProfanedFireball.DisplayName] - added // 祭祀火球
[Mods.CalamityEntropy.Projectiles.PillarShardProj.DisplayName] - added // 四柱碎片

[4.0-Changes]
[Mods.CalamityEntropy.Items.OdinsRefuge.Tooltip] - changed // 减益免疫改为与十字章护身符相同
[Mods.CalamityEntropy.ShadeCloakDashCD] - added
[Mods.CalamityEntropy.Items.Weapons.Rogue] - removed // 原盗贼武器文案迁到 Items.*,对齐 tML 默认键
[Mods.CalamityEntropy.Items.Revelation.DisplayName] - changed
[Mods.CalamityEntropy.Items.Revelation.Tooltip] - changed
[Mods.CalamityEntropy.Items.Silence.DisplayName] - changed
[Mods.CalamityEntropy.Items.Silence.Tooltip] - changed
[Mods.CalamityEntropy.Items.ShadewindLance.DisplayName] - changed
[Mods.CalamityEntropy.Items.ShadewindLance.Tooltip] - changed
[Mods.CalamityEntropy.Items.Aquashard.DisplayName] - changed
[Mods.CalamityEntropy.Items.Aquashard.Tooltip] - changed
[Mods.CalamityEntropy.Items.SpearOfRadiance.DisplayName] - changed
[Mods.CalamityEntropy.Items.SpearOfRadiance.Tooltip] - changed
[Mods.CalamityEntropy.Items.AbyssalPiercer.DisplayName] - changed
[Mods.CalamityEntropy.Items.AbyssalPiercer.Tooltip] - changed
[Mods.CalamityEntropy.Items.AzureOfFirmament.DisplayName] - changed
[Mods.CalamityEntropy.Items.AzureOfFirmament.Tooltip] - changed
[Mods.CalamityEntropy.Items.ArbitratorII.DisplayName] - changed
[Mods.CalamityEntropy.Items.ArbitratorII.Tooltip] - changed
[Mods.CalamityEntropy.Items.Voidseeker.DisplayName] - changed
[Mods.CalamityEntropy.Items.Voidseeker.Tooltip] - changed
[Mods.CalamityEntropy.Items.TheBeginingAndTheEnd.DisplayName] - changed
[Mods.CalamityEntropy.Items.TheBeginingAndTheEnd.Tooltip] - changed
[Mods.CalamityEntropy.Items.AmethystFrisbee.DisplayName] - changed
[Mods.CalamityEntropy.Items.AmethystFrisbee.Tooltip] - changed
[Mods.CalamityEntropy.Items.ProphecyFlyingKnife.DisplayName] - changed
[Mods.CalamityEntropy.Items.ProphecyFlyingKnife.Tooltip] - changed
[Mods.CalamityEntropy.Items.TheDeadCut.DisplayName] - changed
[Mods.CalamityEntropy.Items.TheDeadCut.Tooltip] - changed
[Mods.CalamityEntropy.Items.LunarPlank.DisplayName] - changed
[Mods.CalamityEntropy.Items.LunarPlank.Tooltip] - changed
[Mods.CalamityEntropy.Items.AzafureSurgeRod.DisplayName] - changed
[Mods.CalamityEntropy.Items.AzafureSurgeRod.Tooltip] - changed
[Mods.CalamityEntropy.Items.TlipocasScythe.DisplayName] - changed
[Mods.CalamityEntropy.Items.TlipocasScythe.Tooltip] - changed
[Mods.CalamityEntropy.Items.AzafureLightMachineGun.DisplayName] - changed
[Mods.CalamityEntropy.Items.AzafureLightMachineGun.Tooltip] - changed
[Mods.CalamityEntropy.Items.AzafureAirReaper.DisplayName] - changed
[Mods.CalamityEntropy.Items.AzafureAirReaper.Tooltip] - changed
[Mods.CalamityEntropy.Items.CrystalSpike.DisplayName] - changed
[Mods.CalamityEntropy.Items.CrystalSpike.Tooltip] - changed
[Mods.CalamityEntropy.Items.ScorchingChakram.DisplayName] - changed
[Mods.CalamityEntropy.Items.ScorchingChakram.Tooltip] - changed
[Mods.CalamityEntropy.Items.EmberSpike.DisplayName] - changed
[Mods.CalamityEntropy.Items.EmberSpike.Tooltip] - changed
[Mods.CalamityEntropy.Items.MewMewBomb.DisplayName] - changed
[Mods.CalamityEntropy.Items.MewMewBomb.Tooltip] - changed
[Mods.CalamityEntropy.Items.BrillianceSwirlblade.DisplayName] - changed
[Mods.CalamityEntropy.Items.BrillianceSwirlblade.Tooltip] - changed
[Mods.CalamityEntropy.Items.FlamingSwirlblade.DisplayName] - changed
[Mods.CalamityEntropy.Items.FlamingSwirlblade.Tooltip] - changed
[Mods.CalamityEntropy.Items.AzafureSwirlblade.DisplayName] - changed
[Mods.CalamityEntropy.Items.AzafureSwirlblade.Tooltip] - changed
[Mods.CalamityEntropy.Items.GlacierSwirlblade.DisplayName] - changed
[Mods.CalamityEntropy.Items.GlacierSwirlblade.Tooltip] - changed
[Mods.CalamityEntropy.Items.RunicSwirlblade.DisplayName] - changed
[Mods.CalamityEntropy.Items.RunicSwirlblade.Tooltip] - changed
[Mods.CalamityEntropy.Items.BlazingSwirlblade.DisplayName] - changed
[Mods.CalamityEntropy.Items.BlazingSwirlblade.Tooltip] - changed
[Mods.CalamityEntropy.Items.SawofMacrocosm.DisplayName] - changed
[Mods.CalamityEntropy.Items.SawofMacrocosm.Tooltip] - changed
[Mods.CalamityEntropy.Items.ExergySwirlblade.DisplayName] - changed
[Mods.CalamityEntropy.Items.ExergySwirlblade.Tooltip] - changed
[Mods.CalamityEntropy.Items.Apeirokyklos.DisplayName] - changed
[Mods.CalamityEntropy.Items.Apeirokyklos.Tooltip] - changed
[Mods.CalamityEntropy.Items.ShadeCloak.Tooltip] - changed // 冷却就绪才替代其他冲刺,冷却期间不排他
[Mods.CalamityEntropy.ModNameOverride] - changed // 配置与模组列表显示名：灾厄熵 → 虚空召唤 / Call of Void
[Mods.CalamityEntropy.Items.FlowingLight.DisplayName] - removed // 翅膀改走 Items.Accessories.Wings 分册,主表空桩删除
[Mods.CalamityEntropy.Items.PhantomLightWing.DisplayName] - removed
[Mods.CalamityEntropy.Items.RuneWing.DisplayName] - removed
[Mods.CalamityEntropy.Items.BigShotsWing.DisplayName] - removed
[Mods.CalamityEntropy.Items.IceShardWing.DisplayName] - removed
[Mods.CalamityEntropy.Items.TheRevelation.DisplayName] - removed
[Mods.CalamityEntropy.Items.VoidElytra.DisplayName] - removed
[Mods.CalamityEntropy.Items.SpiritFractal.Tooltip] - changed // 恢复挥舞放聚魂剑影,投掷段不再放灾厄贴图灵魂;描述去掉"释放追踪灵魂"
[Mods.CalamityEntropy.Projectiles.GhastlySoulLarge.DisplayName] - removed // 灾厄同名移植弹已删除
[Mods.CalamityEntropy.Items.HungryLantern.Tooltip] - changed // 删去末行乘算增伤(代码里早已不存在该效果)
[Mods.CalamityEntropy.Items.SmartScope.Tooltip] - changed // 补写装备期间弹幕伤害-25%
[Mods.CalamityEntropy.Items.OathBanner.Tooltip] - changed // 重写为两行:降移速+拉仇恨;自己与附近队友[DR]防御/[REG]hp/s再生/[DMG]%伤害。占位符只剩 [DR] [REG] [DMG],[MSD] [CRIT] [MSA] 不再使用;物品本体+10防御已移除
[Mods.CalamityEntropy.Items.ArchmagesHandmirror.Tooltip] - changed // 25%强化魔力→[MANA]点强化魔力(新占位符,当前75);第二行"额外魔力"统一改称"强化魔力"
[Mods.CalamityEntropy.Items.OracleDeck.Tooltip] - changed // 删去首行"+5 防御力"(原版防御行已自动显示)
[Mods.CalamityEntropy.Items.IllusionaryDew.Tooltip] - changed // 召唤条件改为夜晚任意地点,不再限发光蘑菇群系
[Mods.CalamityEntropy.NPCs.Luminaris.BossChecklistIntegration.SpawnInfo] - changed // 同上,"星辉地"→"夜晚"

// ===== 2026-09-06 虚空入侵(Void Invasion)实装内容整体撤出代码库,日后重做;仅保留原型壳(虚空教主/邪教徒/召唤法阵)。以下键全部删除,除末尾四行 =====
[Mods.CalamityEntropy.VoidInvasion.Title] - removed
[Mods.CalamityEntropy.VoidInvasion.Begin] - removed
[Mods.CalamityEntropy.VoidInvasion.Victory] - removed
[Mods.CalamityEntropy.VoidInvasion.ProgressPercent] - removed
[Mods.CalamityEntropy.VoidInvasion.BossChecklistIntegration.EntryName] - removed
[Mods.CalamityEntropy.VoidInvasion.BossChecklistIntegration.SpawnInfo] - removed
[Mods.CalamityEntropy.VoidInvasion.BossChecklistIntegration.DespawnMessage] - removed
[Mods.CalamityEntropy.VoidPopeLoreDesc] - removed
[Mods.CalamityEntropy.Items.VoidDimensionLocator.DisplayName] - removed
[Mods.CalamityEntropy.Items.VoidDimensionLocator.Tooltip] - removed
[Mods.CalamityEntropy.Items.PopeSummonItem.DisplayName] - removed
[Mods.CalamityEntropy.Items.PopeSummonItem.Tooltip] - removed
[Mods.CalamityEntropy.Items.VoidPopeBag.DisplayName] - removed
[Mods.CalamityEntropy.Items.VoidPopeBag.Tooltip] - removed
[Mods.CalamityEntropy.Items.VoidPopeRelic.DisplayName] - removed
[Mods.CalamityEntropy.Items.VoidPopeRelic.Tooltip] - removed
[Mods.CalamityEntropy.Items.PopeMedal.DisplayName] - removed
[Mods.CalamityEntropy.Items.PopeMedal.Tooltip] - removed
[Mods.CalamityEntropy.Items.VoidPopeLore.DisplayName] - removed
[Mods.CalamityEntropy.Items.VoidPopeLore.Tooltip] - removed
[Mods.CalamityEntropy.Items.VoidPopeLore.Lore] - removed
[Mods.CalamityEntropy.Items.FallenVoidCodex.DisplayName] - removed
[Mods.CalamityEntropy.Items.FallenVoidCodex.Tooltip] - removed
[Mods.CalamityEntropy.Items.VoidGodScythe.DisplayName] - removed
[Mods.CalamityEntropy.Items.VoidGodScythe.Tooltip] - removed
[Mods.CalamityEntropy.Items.PrisonKnife.DisplayName] - removed
[Mods.CalamityEntropy.Items.PrisonKnife.Tooltip] - removed
[Mods.CalamityEntropy.Items.OmniscientTetrahedron.DisplayName] - removed
[Mods.CalamityEntropy.Items.OmniscientTetrahedron.Tooltip] - removed
[Mods.CalamityEntropy.Items.CurseRoar.DisplayName] - removed
[Mods.CalamityEntropy.Items.CurseRoar.Tooltip] - removed
[Mods.CalamityEntropy.Items.VoidPredatorStaff.DisplayName] - removed
[Mods.CalamityEntropy.Items.VoidPredatorStaff.Tooltip] - removed
[Mods.CalamityEntropy.Items.SupremeVoidFist.DisplayName] - removed
[Mods.CalamityEntropy.Items.SupremeVoidFist.Tooltip] - removed
[Mods.CalamityEntropy.Buffs.OmniscientEyeBuff.DisplayName] - removed
[Mods.CalamityEntropy.Buffs.OmniscientEyeBuff.Description] - removed
[Mods.CalamityEntropy.Buffs.VoidPredatorBuff.DisplayName] - removed
[Mods.CalamityEntropy.Buffs.VoidPredatorBuff.Description] - removed
[Mods.CalamityEntropy.NPCs.VoidCultistWarlock.DisplayName] - removed
[Mods.CalamityEntropy.NPCs.VoidCandleWisp.DisplayName] - removed
[Mods.CalamityEntropy.NPCs.VoidTemplar.DisplayName] - removed
[Mods.CalamityEntropy.NPCs.VoidGolem.DisplayName] - removed
[Mods.CalamityEntropy.NPCs.VoidCrawlerHead.DisplayName] - removed
[Mods.CalamityEntropy.NPCs.VoidCrawlerBody.DisplayName] - removed
[Mods.CalamityEntropy.NPCs.VoidCrawlerTail.DisplayName] - removed
[Mods.CalamityEntropy.NPCs.VoidPredatorHead.DisplayName] - removed
[Mods.CalamityEntropy.NPCs.VoidPredatorBody.DisplayName] - removed
[Mods.CalamityEntropy.NPCs.VoidPredatorTail.DisplayName] - removed
[Mods.CalamityEntropy.NPCs.VoidmawShark.DisplayName] - removed
[Mods.CalamityEntropy.NPCs.ChaosChimera.DisplayName] - removed
[Mods.CalamityEntropy.NPCs.VoidCardinal.DisplayName] - removed
[Mods.CalamityEntropy.NPCs.RiftWraith.DisplayName] - removed
[Mods.CalamityEntropy.NPCs.EntropyFiend.DisplayName] - removed
[Mods.CalamityEntropy.NPCs.VoidWormlet.DisplayName] - removed
[Mods.CalamityEntropy.NPCs.LightningOrb.DisplayName] - removed
[Mods.CalamityEntropy.NPCs.VoidPope.BossChecklistIntegration.EntryName] - removed
[Mods.CalamityEntropy.NPCs.VoidPope.BossChecklistIntegration.SpawnInfo] - removed
[Mods.CalamityEntropy.NPCs.VoidPope.BossChecklistIntegration.DespawnMessage] - removed
[Mods.CalamityEntropy.Projectiles.HealWisp.DisplayName] - removed
[Mods.CalamityEntropy.Projectiles.VoidFireball.DisplayName] - removed
[Mods.CalamityEntropy.Projectiles.VoidGroundFlame.DisplayName] - removed
[Mods.CalamityEntropy.Projectiles.VoidFlameBreath.DisplayName] - removed
[Mods.CalamityEntropy.Projectiles.VoidPortal.DisplayName] - removed
[Mods.CalamityEntropy.Projectiles.GolemShockwave.DisplayName] - removed
[Mods.CalamityEntropy.Projectiles.GolemLightPillar.DisplayName] - removed
[Mods.CalamityEntropy.Projectiles.ChimeraClawSlash.DisplayName] - removed
[Mods.CalamityEntropy.Projectiles.ChimeraGroundSpike.DisplayName] - removed
[Mods.CalamityEntropy.Projectiles.VoidLightningBolt.DisplayName] - removed
[Mods.CalamityEntropy.Projectiles.VoidCrystal.DisplayName] - removed
[Mods.CalamityEntropy.Projectiles.VoidCrystalCage.DisplayName] - removed
[Mods.CalamityEntropy.Projectiles.PopeChain.DisplayName] - removed
[Mods.CalamityEntropy.Projectiles.DeathBomb.DisplayName] - removed
[Mods.CalamityEntropy.Projectiles.DeathBombLaser.DisplayName] - removed
[Mods.CalamityEntropy.Projectiles.PopeScytheSlash.DisplayName] - removed
[Mods.CalamityEntropy.Projectiles.MagicEyeBolt.DisplayName] - removed
[Mods.CalamityEntropy.Projectiles.DimensionDisc.DisplayName] - removed
[Mods.CalamityEntropy.Projectiles.DiscBeam.DisplayName] - removed
[Mods.CalamityEntropy.Projectiles.OmniscientEye.DisplayName] - removed
[Mods.CalamityEntropy.Projectiles.MaliceClawProj.DisplayName] - removed
[Mods.CalamityEntropy.Projectiles.ReflectLaser.DisplayName] - removed
[Mods.CalamityEntropy.Projectiles.CodexEyeBolt.DisplayName] - removed
[Mods.CalamityEntropy.Projectiles.CodexVoidChain.DisplayName] - removed
[Mods.CalamityEntropy.Projectiles.VoidGodScytheHeld.DisplayName] - removed
[Mods.CalamityEntropy.Projectiles.VoidScytheSpinSlash.DisplayName] - removed
[Mods.CalamityEntropy.Projectiles.PurgatoryKnifeProj.DisplayName] - removed
[Mods.CalamityEntropy.Projectiles.OmniscientEyeMinion.DisplayName] - removed
[Mods.CalamityEntropy.Projectiles.MinionEyeBolt.DisplayName] - removed
[Mods.CalamityEntropy.Projectiles.CurseRoarHeld.DisplayName] - removed
[Mods.CalamityEntropy.Projectiles.CurseVoidBullet.DisplayName] - removed
[Mods.CalamityEntropy.Projectiles.CurseRoarWave.DisplayName] - removed
[Mods.CalamityEntropy.Projectiles.VoidPredatorMinion.DisplayName] - removed
[Mods.CalamityEntropy.Projectiles.SupremeVoidFistHeldProj.DisplayName] - removed
[Mods.CalamityEntropy.Projectiles.VoidFistJab.DisplayName] - removed
[Mods.CalamityEntropy.Projectiles.VoidFistPunchProj.DisplayName] - removed
[Mods.CalamityEntropy.Projectiles.VoidFistDash.DisplayName] - removed
[Mods.CalamityEntropy.VoidPopeBestiary] - removed
[Mods.CalamityEntropy.VoidCultistWarlockBestiary] - removed
[Mods.CalamityEntropy.VoidCandleWispBestiary] - removed
[Mods.CalamityEntropy.VoidTemplarBestiary] - removed
[Mods.CalamityEntropy.VoidGolemBestiary] - removed
[Mods.CalamityEntropy.VoidCrawlerBestiary] - removed
[Mods.CalamityEntropy.VoidPredatorBestiary] - removed
[Mods.CalamityEntropy.VoidmawSharkBestiary] - removed
[Mods.CalamityEntropy.ChaosChimeraBestiary] - removed
[Mods.CalamityEntropy.VoidCardinalBestiary] - removed
[Mods.CalamityEntropy.RiftWraithBestiary] - removed
[Mods.CalamityEntropy.EntropyFiendBestiary] - removed
[Mods.CalamityEntropy.NPCs.VoidPope.DisplayName] - changed // 回到原型命名:虚空教皇 → 虚空教主(ru 同步回 Патриарх 谱系)
[Mods.CalamityEntropy.NPCs.VoidPopeHand.DisplayName] - changed // 随本体回退
[Mods.CalamityEntropy.Projectiles.VPVoidLightBall.DisplayName] - added // 教皇原型弹幕随原型代码一并恢复(3.33 块中曾标记 removed)
[Mods.CalamityEntropy.Projectiles.VPRot.DisplayName] - added // 同上
[Mods.CalamityEntropy.TitleTexts.Kicking6esAssOff] - added // 与 DieWithASmile(The End Of A Calamity Menu Theme)冲突遮罩被反制后显示的全屏提示,{0}=本模组显示名
[Mods.CalamityEntropy.Items.AzafureChargeShield.Tooltip] - changed // 冲刺框架重做:20 帧长冲刺 16 格、50 伤害、12 帧无敌、冷却 0.5 秒
[Mods.CalamityEntropy.Items.AzafureDriverCore.Tooltip] - changed // 冲刺框架重做:20 格、80 伤害
[Mods.CalamityEntropy.Items.VoidCore.Tooltip] - changed // 冲刺框架重做:25 格、200 伤害,首次撞中附带 750 伤害虚空斩;旧 en/ru 的 [C]% 暴击行无代码支撑,一并删除
[Mods.CalamityEntropy.Items.ShadeCloak.Tooltip] - changed // 暗影披风不再自带冲刺,改为每 5 秒把一次常规冲刺强化为暗影冲刺(无敌、+20% 速度)
[Mods.CalamityEntropy.Items.Accessories.Wings.RuneWing.Tooltip] - changed // 灵魂冲刺改为按键触发 30 帧、40 格、30 秒冷却;占位符 [DT] 退役,新增 [CD]=冷却秒数
[Mods.CalamityEntropy.Items.Accessories.Wings.VoidElytra.Tooltip] - changed // 四向冲刺迁入统一冲刺框架,补写飞行时间不足时改扣血的实际行为
[Mods.CalamityEntropy.Projectiles.VoidCoreSlash.DisplayName] - added // 虚空核心冲刺的虚空斩弹幕
[Mods.CalamityEntropy.NPCs.Cruiser.BossChecklistIntegration.EntryName] - removed // 巡游者的 BossChecklist 三键整体迁到头部 NPC 名下,原 NPCs.Cruiser 不是真实 NPC 内部名,BCL 读不到,条目名一直回退英文
[Mods.CalamityEntropy.NPCs.Cruiser.BossChecklistIntegration.SpawnInfo] - removed // 同上
[Mods.CalamityEntropy.NPCs.Cruiser.BossChecklistIntegration.DespawnMessage] - removed // 同上
[Mods.CalamityEntropy.NPCs.CruiserHead.BossChecklistIntegration.EntryName] - added // 原 NPCs.Cruiser.BossChecklistIntegration.EntryName 的新位置,文本不变
[Mods.CalamityEntropy.NPCs.CruiserHead.BossChecklistIntegration.SpawnInfo] - added // 同上
[Mods.CalamityEntropy.NPCs.CruiserHead.BossChecklistIntegration.DespawnMessage] - added // 同上
[Mods.CalamityEntropy.NPCs.AbyssalWraith.DisplayName] - removed // 幽邃魔灵整体移除,以下同批
[Mods.CalamityEntropy.NPCs.AbyssalWraith.BossChecklistIntegration.EntryName] - removed
[Mods.CalamityEntropy.NPCs.AbyssalWraith.BossChecklistIntegration.SpawnInfo] - removed
[Mods.CalamityEntropy.NPCs.AbyssalWraith.BossChecklistIntegration.DespawnMessage] - removed
[Mods.CalamityEntropy.AbyssalWraithBestiary] - removed
[Mods.CalamityEntropy.Items.AbyssalSigil.DisplayName] - removed // 虚空祭印随 Boss 移除
[Mods.CalamityEntropy.Items.AbyssalSigil.Tooltip] - removed
[Mods.CalamityEntropy.Items.AbyssalWraithPlush.DisplayName] - removed // 玩偶随 Boss 移除
[Mods.CalamityEntropy.Items.AbyssalWraithPlush.Tooltip] - removed
[Mods.CalamityEntropy.Projectiles.AbyssalSigilRitual.DisplayName] - removed
[Mods.CalamityEntropy.Projectiles.AbyssalLaser.DisplayName] - removed
[Mods.CalamityEntropy.Projectiles.VoidLightBall.DisplayName] - removed
[Mods.CalamityEntropy.Projectiles.HomingLightBall.DisplayName] - removed
[Mods.CalamityEntropy.Projectiles.HugeLightBall.DisplayName] - removed
[Mods.CalamityEntropy.Projectiles.VoidFeather.DisplayName] - removed
[Mods.CalamityEntropy.Projectiles.SighterPin.DisplayName] - removed
[Mods.CalamityEntropy.Projectiles.VoidRitualCircle.DisplayName] - removed // 虚空邪教徒的召唤法阵只为召唤该 Boss 而存在,一并移除
[Mods.CalamityEntropy.Items.WraithSoulEssence.Tooltip] - changed // 掉落主人由幽邃魔灵改为虚无双子
[Mods.CalamityEntropy.TSU6] - changed // 特拉波卡之镰第6能力解锁条件由幽邃魔灵改为巡游者
[Mods.CalamityEntropy.TlipocasScytheLegend.Downed.TScytheU6] - changed // 同上

[4.1-Changes]
[Mods.CalamityEntropy.TSA1BCal] - added // 提洛波卡镰刀:装灾厄时突刺无敌门槛改回 3.33 史莱姆之神
[Mods.CalamityEntropy.TSA2BCal] - added // 装灾厄时传送门槛改回 3.33 硫磺火元素;冷却缩短仍写巡游者
[Mods.CalamityEntropy.TSU5Cal] - added // 装灾厄:噬魂幽花
[Mods.CalamityEntropy.TSU6Cal] - added // 装灾厄:神明吞噬者
[Mods.CalamityEntropy.TSU7Cal] - added // 装灾厄:犽狨
[Mods.CalamityEntropy.TSU9Cal] - added // 装灾厄:至尊灾厄
[Mods.CalamityEntropy.TlipocasScytheLegend.Downed.TScytheU1BCal] - added // Alt 页与上列 Shift 键对齐
[Mods.CalamityEntropy.TlipocasScytheLegend.Downed.TScytheU2BCal] - added
[Mods.CalamityEntropy.TlipocasScytheLegend.Downed.TScytheU5Cal] - added
[Mods.CalamityEntropy.TlipocasScytheLegend.Downed.TScytheU6Cal] - added
[Mods.CalamityEntropy.TlipocasScytheLegend.Downed.TScytheU7Cal] - added
[Mods.CalamityEntropy.TlipocasScytheLegend.Downed.TScytheU9Cal] - added
[Mods.CalamityEntropy.BCU2Own] - added // 苍郁之锋:无灾厄第二技能锁定改写原版邪恶 Boss 名
[Mods.CalamityEntropy.EvilFishing] - added // 贪婪卡:无灾厄 MOT 来源写腐化/猩红之地钓鱼,有灾厄仍用 AstralFishing

// 以下为本地化专趟(L-1 灾厄传颂之物 40 条 / L-2 错时代文案 / L-3 Boss Rush 货架条件)
// L-1:40 条 Lore*Desc 原为注释存根(zh-Hans、ru-RU)或「值 = 键名」垃圾值(en-US),游戏里显示成裸键
//     除下方标注的两条外,三语全部从 3.33 基线 993e078b 原样回捞,占位符个数与代码 ModifyTooltip 逐条核对
[Mods.CalamityEntropy.LoreKingSlimeDesc] - added
[Mods.CalamityEntropy.LoreDesertScourgeDesc] - added
[Mods.CalamityEntropy.LoreEyeofCthulhuDesc] - added // 不回捞 3.33 原文「减少{1}%冲刺间隔」:该效果随自研冲刺框架删除,LEEOC 现为空壳,回捞即过度承诺,改写成不承诺任何效果
[Mods.CalamityEntropy.LoreCrabulonDesc] - added
[Mods.CalamityEntropy.LoreBrainofCthulhuDesc] - added
[Mods.CalamityEntropy.LoreEaterofWorldsDesc] - added
[Mods.CalamityEntropy.LorePerforatorsDesc] - added
[Mods.CalamityEntropy.LoreHiveMindDesc] - added
[Mods.CalamityEntropy.LoreQueenBeeDesc] - added
[Mods.CalamityEntropy.LoreSkeletronDesc] - added
[Mods.CalamityEntropy.LoreSlimeGodDesc] - added
[Mods.CalamityEntropy.LoreWallofFleshDesc] - added
[Mods.CalamityEntropy.LoreQueenSlimeDesc] - added
[Mods.CalamityEntropy.LoreArchmageDesc] - added
[Mods.CalamityEntropy.LoreMechsDesc] - added
[Mods.CalamityEntropy.LoreTwinsDesc] - added
[Mods.CalamityEntropy.LoreDestroyerDesc] - added
[Mods.CalamityEntropy.LoreSkeletronPrimeDesc] - added
[Mods.CalamityEntropy.LoreSulphurSeaDesc] - added
[Mods.CalamityEntropy.LoreAzafureDesc] - added
[Mods.CalamityEntropy.LoreCalamitasCloneDesc] - added
[Mods.CalamityEntropy.LorePlanteraDesc] - added
[Mods.CalamityEntropy.LoreAquaticScourgeDesc] - added
[Mods.CalamityEntropy.LoreAbyssDesc] - added
[Mods.CalamityEntropy.LoreLeviathanAnahitaDesc] - added
[Mods.CalamityEntropy.LoreAstrumAureusDesc] - added // en-US 去掉了 3.33 那个按模组名限定的 cbuff 增益标签,改写增益名纯文本,避免在本仓引入灾厄模组名字符串
[Mods.CalamityEntropy.LoreBrimstoneElementalDesc] - added
[Mods.CalamityEntropy.LoreGolemDesc] - added
[Mods.CalamityEntropy.LorePlaguebringerGoliathDesc] - added // en-US 同上,标签改纯文本
[Mods.CalamityEntropy.LoreEmpressofLightDesc] - added
[Mods.CalamityEntropy.LoreDukeFishronDesc] - added
[Mods.CalamityEntropy.LoreRavagerDesc] - added
[Mods.CalamityEntropy.LorePreludeDesc] - added
[Mods.CalamityEntropy.LoreAstralInfectionDesc] - added
[Mods.CalamityEntropy.LoreAstrumDeusDesc] - added
[Mods.CalamityEntropy.LoreCrimsonDesc] - added
[Mods.CalamityEntropy.LoreCorruptionDesc] - added
[Mods.CalamityEntropy.LoreUnderworldDesc] - added
[Mods.CalamityEntropy.LoreBloodMoonDesc] - added // 不回捞 3.33 原文「提升夜视能力」:LEBloodMoon 自 3.33 起就是零消费者空壳,同样改写成不承诺任何效果
[Mods.CalamityEntropy.LoreAwakeningDesc] - added
// 另:en-US 的 LoreCrabulonDesc 也把按模组名限定的 cbuff 标签改成了纯文本增益名,理由同 LoreAstrumAureusDesc

// L-2:四处硬写获取来源的文案在装了灾厄之后与实际掉落点不符,按 CERef.Has 分发双键(命名沿用既有 *Cal 后缀惯例)
[Mods.CalamityEntropy.Items.Vitalfeather.Tooltip] - changed // 「由月亮领主掉落」那一行换成 [OBT] 占位,由 Vitalfeather.ModifyTooltips 按灾厄在否填入
[Mods.CalamityEntropy.VitalfeatherObt] - added // 无灾厄:由月亮领主掉落(与原文案逐字相同)
[Mods.CalamityEntropy.VitalfeatherObtCal] - added // 装灾厄:由犽戎掉落(犽戎 NPC 1/4 + 犽戎宝藏袋 1/4)
[Mods.CalamityEntropy.Items.BookMarkBrimstone.Tooltip] - changed // 「由红恶魔掉落」换成 [OBT] 占位,由 BookMark 基类分发
[Mods.CalamityEntropy.BookMarkBrimstoneObt] - added // 无灾厄:由红恶魔掉落(与原文案逐字相同)
[Mods.CalamityEntropy.BookMarkBrimstoneObtCal] - added // 装灾厄:红恶魔那行已进 !CERef.Has 门,唯一来源是硫磺火元素宝藏袋 1/2
[Mods.CalamityEntropy.Items.BookMarkProfaned.Tooltip] - changed // 「由拜月邪教徒掉落」换成 [OBT] 占位,由 BookMark 基类分发
[Mods.CalamityEntropy.BookMarkProfanedObt] - added // 无灾厄:由拜月邪教徒掉落(与原文案逐字相同)
[Mods.CalamityEntropy.BookMarkProfanedObtCal] - added // 装灾厄:拜月那行已进 !CERef.Has 门,唯一来源是亵渎天神宝藏袋 3/5
[Mods.CalamityEntropy.Items.WorshipRelic.Tooltip] - changed // 日祀圣物:「鱼饵充能上限+1」改成「诱饵充能上限提升到2格,可以连续投出两枚诱饵」。「鱼饵」在全文只出现过这一次且是原版钓鱼道具专名,统一改用十二件诱饵武器在用的「诱饵」「充能」
[Mods.CalamityEntropy.TSU7Cal] - changed // 犽狨 → 犽戎:统一采用灾厄汉化 Yharon.DisplayName「重生之龙,犽戎」的通行译名
[Mods.CalamityEntropy.TlipocasScytheLegend.Downed.TScytheU7Cal] - changed // 同上

// L-3
[Mods.CalamityEntropy.PassedBossRush] - added // 城镇飞龙(妖龙酱)货架条件文案,原为裸键。装灾厄且通过 Boss Rush 后上架灾厄的石头。句形对齐同类货架条件键(DownedBoss2 / HaveOracleDeck)

// [Lore-LEEOC-BloodMoon]
[Mods.CalamityEntropy.LoreEyeofCthulhuDesc] - changed // 克眼 Lore 已接 CEDashPlayer.CooldownMult,文案改回 3.33「减少{1}%冲刺间隔」
[Mods.CalamityEntropy.LoreBloodMoonDesc] - changed // 血月 Lore 接 Entropy().light,与序章同量级 5% 光照;文案改为带 {1} 的诚实光照句

// [Bookmark-normal-drop]
[Mods.CalamityEntropy.BookMarkBrimstoneObtCal] - changed // 装灾厄+普通也可得:硫磺火元素 NPC 1/2 + 袋 1/2,文案从「宝藏袋掉落」改为「由硫磺火元素掉落」
[Mods.CalamityEntropy.BookMarkProfanedObtCal] - changed // 同上,亵渎天神 NPC 3/5 + 袋 3/5,改为「由亵渎天神掉落」

[Copy-align-2026-09-10]
[Mods.CalamityEntropy.LoreSkeletronDesc] - changed // ru-RU:补回丢失的 {1}(堆叠阈值),对齐 zh-Hans canon
[Mods.CalamityEntropy.LoreBrainofCthulhuDesc] - changed // ru-RU:原误译成蜂后暴击/伤害且裸占位符;LEBoc 无 ModifyTooltip,改为「免疫流血」且不带占位符
[Mods.CalamityEntropy.LoreQueenBeeDesc] - changed // ru-RU:{1}/{2} 语义对调,按代码 {1}=伤害 {2}=暴击改回
[Mods.CalamityEntropy.LoreCrabulonDesc] - changed // ru-RU:原「受伤后变脆弱」改为获得与菇共生(Грибное родство) {1} 秒
[Mods.CalamityEntropy.LoreAstrumAureusDesc] - changed // ru-RU:去掉 HTML 实体垃圾,改为加速幻星感染减益流逝
[Mods.CalamityEntropy.Items.WorshipRelic.Tooltip] - changed // ru-RU:整块仍是 3.33 潜行文案,按现行 zh/en 重写并补诱饵充能行(приманка,不是钓鱼 наживка)
[Mods.CalamityEntropy.Items.Lore.LoreAcropolis.DisplayName] - added // ru-RU:活键缺失,从 zh-Hans 译 DisplayName
[Mods.CalamityEntropy.Items.Lore.LoreAcropolis.Lore] - added // ru-RU:从 zh-Hans Lore 译正文,未新增 Items.LoreAcropolis 死键
[Mods.CalamityEntropy.Items.SusiesBracelet.Tooltip] - changed // en-US/ru-RU:仍是 3.33 通用加成且 [DEF]/[LIFE]/[MANA] 代码从不替换;按 4.0 zh 与现行 ModifyTooltips 的 [DMG]/[CRIT] 对齐。zh-Hans 4.0 原文未改
[Mods.CalamityEntropy.LegendaryAbility.SusiesBracelet.Trials.t0] - changed // ru-RU 试炼名仍是 3.33 灾厄 Boss,按 4.0 zh/en(原版+先知+月总)对齐;t1-t10 同批
[Mods.CalamityEntropy.MariviniumSet] - changed // 删「免疫绝大多数减益」(Y-3 有意削弱已删代码);水中飞行拆行并补回下沉/悬停;en/ru 从过时 3.33 套装表整段按现行套装效果重写。无灾厄与装灾厄效果相同,不双键
[Mods.CalamityEntropy.Items.OdinsRefuge.Tooltip] - changed // 仅 ru-RU:原整块仍是 3.33 冲刺文案,无灾厄玩家会读到不存在的效果;改成 4.0 zh 的俄译。zh-Hans/en-US 的 4.0 六行逐字未动
[Mods.CalamityEntropy.OdinsRefugeCal] - added // 上神之佑装灾厄 Tooltip,按现行 CERef.Has 支真实效果;OdinsRefuge.ModifyTooltips 分发

[4.2-Changes]
[Mods.CalamityEntropy.CelestialChronometerCal] - added // 钦天司时装灾厄 Tooltip:转调血神圣杯/阴阳吸星石/辐辉,草药 Shift 右键开关,站草药 20% 免伤,每秒直接回 4 血。CelestialChronometer.ModifyTooltips 分发。4.0 主键 Items.CelestialChronometer.Tooltip 未改
[Mods.CalamityEntropy.LeylaCal] - added // 莱拉装灾厄 Tooltip:恢复 3.33 的 [1][2][3][4][5][L][ML] 成长模板。Leyla.ModifyTooltips 分发
[Mods.CalamityEntropy.Items.Leyla.Tooltip] - changed // 4.0 无灾厄文案补上代码里一直有的 +6 防御,以及减益 10% 触发概率
[Mods.CalamityEntropy.Items.MariviniumHelmet.Tooltip] - changed // 头盔补 +20% 伤害/+10% 暴击(代码 MariviniumHelmet.cs 一直有,文案漏写)
[Mods.CalamityEntropy.Items.MariviniumLeggings.Tooltip] - changed // 护腿补 +5% 伤害/+5% 暴击(代码 MariviniumLeggings.cs 一直有,文案漏写)
[Mods.CalamityEntropy.Items.WorshipRelic.Tooltip] - changed // 删「你无法暴击」:对应 DisableCrit 已随盗贼/潜行退役一起删掉,是死文案,不补实现
[Mods.CalamityEntropy.Items.HorizonssKey.Tooltip] - changed // 「占用8个仆从栏」改「占用4个仆从栏」,跟 HorizonssKey.MinionSlotCost 8→4
[Mods.CalamityEntropy.SusiesBraceletCal] - added // 苏西腕带装灾厄 Tooltip:防御/通用伤害/生命/魔力四项([DEF]/[DMG]/[LIFE]/[MANA])。无灾厄主键仍是近战 [DMG]/[CRIT]
[Mods.CalamityEntropy.LegendaryAbility.SusiesBracelet.Lores.l10] - changed // 原 l10 其实是英文 l11(白笔/希望)的译文;改成与 en-US l10 对位的钟声/永恒
[Mods.CalamityEntropy.LegendaryAbility.SusiesBracelet.Lores.l11] - added // 原注释掉的英文 l11 译回中文(白笔/希望)。装灾厄打完犽戎走到 11 级时不再回落英文
[Mods.CalamityEntropy.Items.Vast.TooltipBase] - added // 无垠装灾厄成长总述。4.0 解耦时整组注释掉,弱引用后又走 3.33 成长却没有中文
[Mods.CalamityEntropy.Items.Vast.Level0] - added // 无垠装灾厄 0 档: -8% 魔耗 + 自动喝蓝
[Mods.CalamityEntropy.Items.Vast.Level1] - added // 无垠装灾厄 1 档:药水多回 10%、魔能下 +4% 魔暴
[Mods.CalamityEntropy.Items.Vast.Level2] - added // 无垠装灾厄 2 档:75% 即回/25% 缓回,超 80 伤中断
[Mods.CalamityEntropy.Items.Vast.Level3] - added // 无垠装灾厄 3 档:魔流叠层
[Mods.CalamityEntropy.Items.Vast.Level4] - added // 无垠装灾厄 4 档:魔力病减半、魔流免伤、回蓝受击回血
[Mods.CalamityEntropy.Items.Vast.Level5] - added // 无垠装灾厄 5 档:暴击灵魂紊乱、空蓝转回蓝
[Mods.CalamityEntropy.Items.Vast.Level6] - added // 无垠装灾厄 6 档:满层魔流额外魔暴/暴伤
[Mods.CalamityEntropy.Buffs.SilentpeakBuff.Description] - changed // 原空串,玩家看 buff 回落英文。补成与物品 Tooltip 同句「召唤铁皇的意志护你左右」
